[0.108s] colcon DEBUG Command line arguments: ['/usr/bin/colcon', 'build', '--symlink-install']
[0.108s] colcon DEBUG Parsed command line arguments: Namespace(log_base=None, log_level=None, verb_name='build', build_base='build', install_base='install', merge_install=False, symlink_install=True, test_result_base=None, continue_on_error=False, executor='parallel', parallel_workers=12, event_handlers=None, ignore_user_meta=False, metas=['./colcon.meta'], base_paths=['.'], packages_ignore=None, packages_ignore_regex=None, paths=None, packages_up_to=None, packages_up_to_regex=None, packages_above=None, packages_above_and_dependencies=None, packages_above_depth=None, packages_select_by_dep=None, packages_skip_by_dep=None, packages_skip_up_to=None, packages_select_build_failed=False, packages_skip_build_finished=False, packages_select_test_failures=False, packages_skip_test_passed=False, packages_select=None, packages_skip=None, packages_select_regex=None, packages_skip_regex=None, packages_start=None, packages_end=None, allow_overriding=[], cmake_args=None, cmake_target=None, cmake_target_skip_unavailable=False, cmake_clean_cache=False, cmake_clean_first=False, cmake_force_configure=False, ament_cmake_args=None, catkin_cmake_args=None, catkin_skip_building_tests=False, verb_parser=<colcon_defaults.argument_parser.defaults.DefaultArgumentsDecorator object at 0x79345a4c32e0>, verb_extension=<colcon_core.verb.build.BuildVerb object at 0x79345a4c2dd0>, main=<bound method BuildVerb.main of <colcon_core.verb.build.BuildVerb object at 0x79345a4c2dd0>>)
[0.144s] colcon.colcon_core.package_discovery Level 1 discover_packages(colcon_meta) check parameters
[0.144s] colcon.colcon_core.package_discovery Level 1 discover_packages(recursive) check parameters
[0.144s] colcon.colcon_core.package_discovery Level 1 discover_packages(ignore) check parameters
[0.144s] colcon.colcon_core.package_discovery Level 1 discover_packages(path) check parameters
[0.144s] colcon.colcon_core.package_discovery Level 1 discover_packages(colcon_meta) discover
[0.144s] colcon.colcon_core.package_discovery Level 1 discover_packages(recursive) discover
[0.144s] colcon.colcon_core.package_discovery INFO Crawling recursively for packages in '/home/msms/vision_ws'
[0.144s] colcon.colcon_core.package_identification Level 1 _identify(.) by extensions ['ignore', 'ignore_ament_install']
[0.144s] colcon.colcon_core.package_identification Level 1 _identify(.) by extension 'ignore'
[0.144s] colcon.colcon_core.package_identification Level 1 _identify(.) by extension 'ignore_ament_install'
[0.144s] colcon.colcon_core.package_identification Level 1 _identify(.) by extensions ['colcon_pkg']
[0.144s] colcon.colcon_core.package_identification Level 1 _identify(.) by extension 'colcon_pkg'
[0.144s] colcon.colcon_core.package_identification Level 1 _identify(.) by extensions ['colcon_meta']
[0.144s] colcon.colcon_core.package_identification Level 1 _identify(.) by extension 'colcon_meta'
[0.144s] colcon.colcon_core.package_identification Level 1 _identify(.) by extensions ['ros']
[0.144s] colcon.colcon_core.package_identification Level 1 _identify(.) by extension 'ros'
[0.157s] colcon.colcon_core.package_identification Level 1 _identify(.) by extensions ['cmake', 'python']
[0.157s] colcon.colcon_core.package_identification Level 1 _identify(.) by extension 'cmake'
[0.157s] colcon.colcon_core.package_identification Level 1 _identify(.) by extension 'python'
[0.158s] colcon.colcon_core.package_identification Level 1 _identify(.) by extensions ['python_setup_py']
[0.158s] colcon.colcon_core.package_identification Level 1 _identify(.) by extension 'python_setup_py'
[0.158s] colcon.colcon_core.package_identification Level 1 _identify(build) by extensions ['ignore', 'ignore_ament_install']
[0.158s] colcon.colcon_core.package_identification Level 1 _identify(build) by extension 'ignore'
[0.158s] colcon.colcon_core.package_identification Level 1 _identify(build) ignored
[0.158s] colcon.colcon_core.package_identification Level 1 _identify(install) by extensions ['ignore', 'ignore_ament_install']
[0.158s] colcon.colcon_core.package_identification Level 1 _identify(install) by extension 'ignore'
[0.158s] colcon.colcon_core.package_identification Level 1 _identify(install) ignored
[0.158s] colcon.colcon_core.package_identification Level 1 _identify(log) by extensions ['ignore', 'ignore_ament_install']
[0.158s] colcon.colcon_core.package_identification Level 1 _identify(log) by extension 'ignore'
[0.158s] colcon.colcon_core.package_identification Level 1 _identify(log) ignored
[0.158s] colcon.colcon_core.package_identification Level 1 _identify(src) by extensions ['ignore', 'ignore_ament_install']
[0.158s] colcon.colcon_core.package_identification Level 1 _identify(src) by extension 'ignore'
[0.158s] colcon.colcon_core.package_identification Level 1 _identify(src) by extension 'ignore_ament_install'
[0.158s] colcon.colcon_core.package_identification Level 1 _identify(src) by extensions ['colcon_pkg']
[0.159s] colcon.colcon_core.package_identification Level 1 _identify(src) by extension 'colcon_pkg'
[0.159s] colcon.colcon_core.package_identification Level 1 _identify(src) by extensions ['colcon_meta']
[0.159s] colcon.colcon_core.package_identification Level 1 _identify(src) by extension 'colcon_meta'
[0.159s] colcon.colcon_core.package_identification Level 1 _identify(src) by extensions ['ros']
[0.159s] colcon.colcon_core.package_identification Level 1 _identify(src) by extension 'ros'
[0.159s] colcon.colcon_core.package_identification Level 1 _identify(src) by extensions ['cmake', 'python']
[0.159s] colcon.colcon_core.package_identification Level 1 _identify(src) by extension 'cmake'
[0.159s] colcon.colcon_core.package_identification Level 1 _identify(src) by extension 'python'
[0.159s] colcon.colcon_core.package_identification Level 1 _identify(src) by extensions ['python_setup_py']
[0.159s] colcon.colcon_core.package_identification Level 1 _identify(src) by extension 'python_setup_py'
[0.159s] colcon.colcon_core.package_identification Level 1 _identify(src/realsense_yolo_3d) by extensions ['ignore', 'ignore_ament_install']
[0.159s] colcon.colcon_core.package_identification Level 1 _identify(src/realsense_yolo_3d) by extension 'ignore'
[0.159s] colcon.colcon_core.package_identification Level 1 _identify(src/realsense_yolo_3d) by extension 'ignore_ament_install'
[0.159s] colcon.colcon_core.package_identification Level 1 _identify(src/realsense_yolo_3d) by extensions ['colcon_pkg']
[0.159s] colcon.colcon_core.package_identification Level 1 _identify(src/realsense_yolo_3d) by extension 'colcon_pkg'
[0.159s] colcon.colcon_core.package_identification Level 1 _identify(src/realsense_yolo_3d) by extensions ['colcon_meta']
[0.159s] colcon.colcon_core.package_identification Level 1 _identify(src/realsense_yolo_3d) by extension 'colcon_meta'
[0.159s] colcon.colcon_core.package_identification Level 1 _identify(src/realsense_yolo_3d) by extensions ['ros']
[0.159s] colcon.colcon_core.package_identification Level 1 _identify(src/realsense_yolo_3d) by extension 'ros'
[0.162s] colcon.colcon_core.package_identification DEBUG Package 'src/realsense_yolo_3d' with type 'ros.ament_python' and name 'realsense_yolo_3d'
[0.162s] colcon.colcon_core.package_identification Level 1 _identify(src/vision_interfaces) by extensions ['ignore', 'ignore_ament_install']
[0.162s] colcon.colcon_core.package_identification Level 1 _identify(src/vision_interfaces) by extension 'ignore'
[0.162s] colcon.colcon_core.package_identification Level 1 _identify(src/vision_interfaces) by extension 'ignore_ament_install'
[0.162s] colcon.colcon_core.package_identification Level 1 _identify(src/vision_interfaces) by extensions ['colcon_pkg']
[0.162s] colcon.colcon_core.package_identification Level 1 _identify(src/vision_interfaces) by extension 'colcon_pkg'
[0.162s] colcon.colcon_core.package_identification Level 1 _identify(src/vision_interfaces) by extensions ['colcon_meta']
[0.162s] colcon.colcon_core.package_identification Level 1 _identify(src/vision_interfaces) by extension 'colcon_meta'
[0.162s] colcon.colcon_core.package_identification Level 1 _identify(src/vision_interfaces) by extensions ['ros']
[0.162s] colcon.colcon_core.package_identification Level 1 _identify(src/vision_interfaces) by extension 'ros'
[0.163s] colcon.colcon_core.package_identification DEBUG Package 'src/vision_interfaces' with type 'ros.ament_cmake' and name 'vision_interfaces'
[0.163s] colcon.colcon_core.package_discovery Level 1 discover_packages(recursive) using defaults
[0.163s] colcon.colcon_core.package_discovery Level 1 discover_packages(ignore) discover
[0.163s] colcon.colcon_core.package_discovery Level 1 discover_packages(ignore) using defaults
[0.163s] colcon.colcon_core.package_discovery Level 1 discover_packages(path) discover
[0.163s] colcon.colcon_core.package_discovery Level 1 discover_packages(path) using defaults
[0.177s] colcon.colcon_core.package_discovery Level 1 discover_packages(prefix_path) check parameters
[0.177s] colcon.colcon_core.package_discovery Level 1 discover_packages(prefix_path) discover
[0.180s] colcon.colcon_installed_package_information.package_discovery DEBUG Found 478 installed packages in /opt/ros/humble
[0.182s] colcon.colcon_core.package_discovery Level 1 discover_packages(prefix_path) using defaults
[0.245s] colcon.colcon_core.verb Level 5 set package 'vision_interfaces' build argument 'cmake_args' from command line to 'None'
[0.245s] colcon.colcon_core.verb Level 5 set package 'vision_interfaces' build argument 'cmake_target' from command line to 'None'
[0.245s] colcon.colcon_core.verb Level 5 set package 'vision_interfaces' build argument 'cmake_target_skip_unavailable' from command line to 'False'
[0.245s] colcon.colcon_core.verb Level 5 set package 'vision_interfaces' build argument 'cmake_clean_cache' from command line to 'False'
[0.245s] colcon.colcon_core.verb Level 5 set package 'vision_interfaces' build argument 'cmake_clean_first' from command line to 'False'
[0.245s] colcon.colcon_core.verb Level 5 set package 'vision_interfaces' build argument 'cmake_force_configure' from command line to 'False'
[0.245s] colcon.colcon_core.verb Level 5 set package 'vision_interfaces' build argument 'ament_cmake_args' from command line to 'None'
[0.245s] colcon.colcon_core.verb Level 5 set package 'vision_interfaces' build argument 'catkin_cmake_args' from command line to 'None'
[0.245s] colcon.colcon_core.verb Level 5 set package 'vision_interfaces' build argument 'catkin_skip_building_tests' from command line to 'False'
[0.245s] colcon.colcon_core.verb DEBUG Building package 'vision_interfaces' with the following arguments: {'ament_cmake_args': None, 'build_base': '/home/msms/vision_ws/build/vision_interfaces', 'catkin_cmake_args': None, 'catkin_skip_building_tests': False, 'cmake_args': None, 'cmake_clean_cache': False, 'cmake_clean_first': False, 'cmake_force_configure': False, 'cmake_target': None, 'cmake_target_skip_unavailable': False, 'install_base': '/home/msms/vision_ws/install/vision_interfaces', 'merge_install': False, 'path': '/home/msms/vision_ws/src/vision_interfaces', 'symlink_install': True, 'test_result_base': None}
[0.245s] colcon.colcon_core.verb Level 5 set package 'realsense_yolo_3d' build argument 'cmake_args' from command line to 'None'
[0.245s] colcon.colcon_core.verb Level 5 set package 'realsense_yolo_3d' build argument 'cmake_target' from command line to 'None'
[0.245s] colcon.colcon_core.verb Level 5 set package 'realsense_yolo_3d' build argument 'cmake_target_skip_unavailable' from command line to 'False'
[0.245s] colcon.colcon_core.verb Level 5 set package 'realsense_yolo_3d' build argument 'cmake_clean_cache' from command line to 'False'
[0.245s] colcon.colcon_core.verb Level 5 set package 'realsense_yolo_3d' build argument 'cmake_clean_first' from command line to 'False'
[0.245s] colcon.colcon_core.verb Level 5 set package 'realsense_yolo_3d' build argument 'cmake_force_configure' from command line to 'False'
[0.245s] colcon.colcon_core.verb Level 5 set package 'realsense_yolo_3d' build argument 'ament_cmake_args' from command line to 'None'
[0.245s] colcon.colcon_core.verb Level 5 set package 'realsense_yolo_3d' build argument 'catkin_cmake_args' from command line to 'None'
[0.245s] colcon.colcon_core.verb Level 5 set package 'realsense_yolo_3d' build argument 'catkin_skip_building_tests' from command line to 'False'
[0.245s] colcon.colcon_core.verb DEBUG Building package 'realsense_yolo_3d' with the following arguments: {'ament_cmake_args': None, 'build_base': '/home/msms/vision_ws/build/realsense_yolo_3d', 'catkin_cmake_args': None, 'catkin_skip_building_tests': False, 'cmake_args': None, 'cmake_clean_cache': False, 'cmake_clean_first': False, 'cmake_force_configure': False, 'cmake_target': None, 'cmake_target_skip_unavailable': False, 'install_base': '/home/msms/vision_ws/install/realsense_yolo_3d', 'merge_install': False, 'path': '/home/msms/vision_ws/src/realsense_yolo_3d', 'symlink_install': True, 'test_result_base': None}
[0.246s] colcon.colcon_core.executor INFO Executing jobs using 'parallel' executor
[0.246s] colcon.colcon_parallel_executor.executor.parallel DEBUG run_until_complete
[0.246s] colcon.colcon_ros.task.ament_cmake.build INFO Building ROS package in '/home/msms/vision_ws/src/vision_interfaces' with build type 'ament_cmake'
[0.246s] colcon.colcon_cmake.task.cmake.build INFO Building CMake package in '/home/msms/vision_ws/src/vision_interfaces'
[0.249s] colcon.colcon_core.plugin_system INFO Skipping extension 'colcon_core.shell.bat': Not used on non-Windows systems
[0.249s] colcon.colcon_core.shell INFO Skip shell extension 'powershell' for command environment: Not usable outside of PowerShell
[0.249s] colcon.colcon_core.shell DEBUG Skip shell extension 'dsv' for command environment
[0.257s] colcon.colcon_core.event_handler.log_command DEBUG Invoking command in '/home/msms/vision_ws/build/vision_interfaces': CMAKE_PREFIX_PATH=/opt/ros/humble /usr/bin/cmake --build /home/msms/vision_ws/build/vision_interfaces -- -j12 -l12
[0.667s] colcon.colcon_core.event_handler.log_command DEBUG Invoked command in '/home/msms/vision_ws/build/vision_interfaces' returned '0': CMAKE_PREFIX_PATH=/opt/ros/humble /usr/bin/cmake --build /home/msms/vision_ws/build/vision_interfaces -- -j12 -l12
[0.676s] colcon.colcon_core.event_handler.log_command DEBUG Invoking command in '/home/msms/vision_ws/build/vision_interfaces': CMAKE_PREFIX_PATH=/opt/ros/humble /usr/bin/cmake --install /home/msms/vision_ws/build/vision_interfaces
[0.743s] colcon.colcon_core.environment Level 1 create_environment_scripts_only(vision_interfaces)
[0.744s] colcon.colcon_core.event_handler.log_command DEBUG Invoked command in '/home/msms/vision_ws/build/vision_interfaces' returned '0': CMAKE_PREFIX_PATH=/opt/ros/humble /usr/bin/cmake --install /home/msms/vision_ws/build/vision_interfaces
[0.745s] colcon.colcon_core.environment Level 1 checking '/home/msms/vision_ws/install/vision_interfaces' for CMake module files
[0.746s] colcon.colcon_core.environment Level 1 checking '/home/msms/vision_ws/install/vision_interfaces' for CMake config files
[0.747s] colcon.colcon_core.shell Level 1 create_environment_hook('vision_interfaces', 'cmake_prefix_path')
[0.747s] colcon.colcon_core.shell INFO Creating environment hook '/home/msms/vision_ws/install/vision_interfaces/share/vision_interfaces/hook/cmake_prefix_path.ps1'
[0.748s] colcon.colcon_core.shell INFO Creating environment descriptor '/home/msms/vision_ws/install/vision_interfaces/share/vision_interfaces/hook/cmake_prefix_path.dsv'
[0.748s] colcon.colcon_core.shell INFO Creating environment hook '/home/msms/vision_ws/install/vision_interfaces/share/vision_interfaces/hook/cmake_prefix_path.sh'
[0.749s] colcon.colcon_core.environment Level 1 checking '/home/msms/vision_ws/install/vision_interfaces/lib'
[0.749s] colcon.colcon_core.shell Level 1 create_environment_hook('vision_interfaces', 'ld_library_path_lib')
[0.749s] colcon.colcon_core.shell INFO Creating environment hook '/home/msms/vision_ws/install/vision_interfaces/share/vision_interfaces/hook/ld_library_path_lib.ps1'
[0.749s] colcon.colcon_core.shell INFO Creating environment descriptor '/home/msms/vision_ws/install/vision_interfaces/share/vision_interfaces/hook/ld_library_path_lib.dsv'
[0.750s] colcon.colcon_core.shell INFO Creating environment hook '/home/msms/vision_ws/install/vision_interfaces/share/vision_interfaces/hook/ld_library_path_lib.sh'
[0.750s] colcon.colcon_core.environment Level 1 checking '/home/msms/vision_ws/install/vision_interfaces/bin'
[0.750s] colcon.colcon_core.environment Level 1 checking '/home/msms/vision_ws/install/vision_interfaces/lib/pkgconfig/vision_interfaces.pc'
[0.750s] colcon.colcon_core.environment Level 1 checking '/home/msms/vision_ws/install/vision_interfaces/lib/python3.10/site-packages'
[0.750s] colcon.colcon_core.environment Level 1 checking '/home/msms/vision_ws/install/vision_interfaces/bin'
[0.751s] colcon.colcon_core.shell INFO Creating package script '/home/msms/vision_ws/install/vision_interfaces/share/vision_interfaces/package.ps1'
[0.752s] colcon.colcon_core.shell INFO Creating package descriptor '/home/msms/vision_ws/install/vision_interfaces/share/vision_interfaces/package.dsv'
[0.752s] colcon.colcon_core.shell INFO Creating package script '/home/msms/vision_ws/install/vision_interfaces/share/vision_interfaces/package.sh'
[0.753s] colcon.colcon_core.shell INFO Creating package script '/home/msms/vision_ws/install/vision_interfaces/share/vision_interfaces/package.bash'
[0.753s] colcon.colcon_core.shell INFO Creating package script '/home/msms/vision_ws/install/vision_interfaces/share/vision_interfaces/package.zsh'
[0.754s] colcon.colcon_core.environment Level 1 create_file_with_runtime_dependencies(/home/msms/vision_ws/install/vision_interfaces/share/colcon-core/packages/vision_interfaces)
[0.754s] colcon.colcon_core.environment Level 1 create_environment_scripts_only(vision_interfaces)
[0.755s] colcon.colcon_core.environment Level 1 checking '/home/msms/vision_ws/install/vision_interfaces' for CMake module files
[0.755s] colcon.colcon_core.environment Level 1 checking '/home/msms/vision_ws/install/vision_interfaces' for CMake config files
[0.756s] colcon.colcon_core.shell Level 1 create_environment_hook('vision_interfaces', 'cmake_prefix_path')
[0.756s] colcon.colcon_core.shell INFO Creating environment hook '/home/msms/vision_ws/install/vision_interfaces/share/vision_interfaces/hook/cmake_prefix_path.ps1'
[0.756s] colcon.colcon_core.shell INFO Creating environment descriptor '/home/msms/vision_ws/install/vision_interfaces/share/vision_interfaces/hook/cmake_prefix_path.dsv'
[0.757s] colcon.colcon_core.shell INFO Creating environment hook '/home/msms/vision_ws/install/vision_interfaces/share/vision_interfaces/hook/cmake_prefix_path.sh'
[0.757s] colcon.colcon_core.environment Level 1 checking '/home/msms/vision_ws/install/vision_interfaces/lib'
[0.757s] colcon.colcon_core.shell Level 1 create_environment_hook('vision_interfaces', 'ld_library_path_lib')
[0.757s] colcon.colcon_core.shell INFO Creating environment hook '/home/msms/vision_ws/install/vision_interfaces/share/vision_interfaces/hook/ld_library_path_lib.ps1'
[0.758s] colcon.colcon_core.shell INFO Creating environment descriptor '/home/msms/vision_ws/install/vision_interfaces/share/vision_interfaces/hook/ld_library_path_lib.dsv'
[0.758s] colcon.colcon_core.shell INFO Creating environment hook '/home/msms/vision_ws/install/vision_interfaces/share/vision_interfaces/hook/ld_library_path_lib.sh'
[0.758s] colcon.colcon_core.environment Level 1 checking '/home/msms/vision_ws/install/vision_interfaces/bin'
[0.758s] colcon.colcon_core.environment Level 1 checking '/home/msms/vision_ws/install/vision_interfaces/lib/pkgconfig/vision_interfaces.pc'
[0.759s] colcon.colcon_core.environment Level 1 checking '/home/msms/vision_ws/install/vision_interfaces/lib/python3.10/site-packages'
[0.759s] colcon.colcon_core.environment Level 1 checking '/home/msms/vision_ws/install/vision_interfaces/bin'
[0.759s] colcon.colcon_core.shell INFO Creating package script '/home/msms/vision_ws/install/vision_interfaces/share/vision_interfaces/package.ps1'
[0.760s] colcon.colcon_core.shell INFO Creating package descriptor '/home/msms/vision_ws/install/vision_interfaces/share/vision_interfaces/package.dsv'
[0.760s] colcon.colcon_core.shell INFO Creating package script '/home/msms/vision_ws/install/vision_interfaces/share/vision_interfaces/package.sh'
[0.760s] colcon.colcon_core.shell INFO Creating package script '/home/msms/vision_ws/install/vision_interfaces/share/vision_interfaces/package.bash'
[0.761s] colcon.colcon_core.shell INFO Creating package script '/home/msms/vision_ws/install/vision_interfaces/share/vision_interfaces/package.zsh'
[0.761s] colcon.colcon_core.environment Level 1 create_file_with_runtime_dependencies(/home/msms/vision_ws/install/vision_interfaces/share/colcon-core/packages/vision_interfaces)
[0.761s] colcon.colcon_ros.task.ament_python.build INFO Building ROS package in '/home/msms/vision_ws/src/realsense_yolo_3d' with build type 'ament_python'
[0.762s] colcon.colcon_core.shell Level 1 create_environment_hook('realsense_yolo_3d', 'ament_prefix_path')
[0.762s] colcon.colcon_core.shell INFO Creating environment hook '/home/msms/vision_ws/install/realsense_yolo_3d/share/realsense_yolo_3d/hook/ament_prefix_path.ps1'
[0.762s] colcon.colcon_core.shell INFO Creating environment descriptor '/home/msms/vision_ws/install/realsense_yolo_3d/share/realsense_yolo_3d/hook/ament_prefix_path.dsv'
[0.763s] colcon.colcon_core.shell INFO Creating environment hook '/home/msms/vision_ws/install/realsense_yolo_3d/share/realsense_yolo_3d/hook/ament_prefix_path.sh'
[0.763s] colcon.colcon_core.shell INFO Skip shell extension 'powershell' for command environment: Not usable outside of PowerShell
[0.763s] colcon.colcon_core.shell DEBUG Skip shell extension 'dsv' for command environment
[0.989s] colcon.colcon_core.task.python.build INFO Building Python package in '/home/msms/vision_ws/src/realsense_yolo_3d'
[0.989s] colcon.colcon_core.shell INFO Skip shell extension 'powershell' for command environment: Not usable outside of PowerShell
[0.990s] colcon.colcon_core.shell DEBUG Skip shell extension 'dsv' for command environment
[1.538s] colcon.colcon_core.task.python.build DEBUG Available setuptools commands: bdist_egg, editable_wheel, install_egg_info, install, bdist_rpm, build_py, alias, saveopts, compile_catalog, update_catalog, sdist, install_data, install_scripts, egg_info, develop, extract_messages, build_ext, clean, install_lib, build_clib, build, dist_info, install_headers, bdist, setopt, bdist_wheel, check, build_scripts, rotate, symlink_data, bdist_dumb, easy_install, init_catalog
[1.891s] colcon.colcon_core.task.python.build DEBUG Available setuptools 'develop' options: --prefix, --dry-run, --multi-version, --index-url, --no-deps, --uninstall, --exclude-scripts, --upgrade, --find-links, --zip-ok, --build-directory, --install-dir, --record, --help, --always-unzip, --verbose, --local-snapshots-ok, --egg-path, --allow-hosts, --no-find-links, --editable, --quiet, --site-dirs, --script-dir, --optimize, --no-user-cfg, --version, --user, --always-copy
[1.893s] colcon.colcon_core.event_handler.log_command DEBUG Invoking command in '/home/msms/vision_ws/build/realsense_yolo_3d': AMENT_PREFIX_PATH=/home/msms/vision_ws/install/vision_interfaces:${AMENT_PREFIX_PATH} CMAKE_PREFIX_PATH=/home/msms/vision_ws/install/vision_interfaces LD_LIBRARY_PATH=/home/msms/vision_ws/install/vision_interfaces/lib:${LD_LIBRARY_PATH} PYTHONPATH=/home/msms/vision_ws/build/realsense_yolo_3d/prefix_override:/usr/lib/python3/dist-packages/colcon_core/task/python/colcon_distutils_commands:/home/msms/vision_ws/install/realsense_yolo_3d/lib/python3.10/site-packages:/home/msms/vision_ws/install/vision_interfaces/local/lib/python3.10/dist-packages:${PYTHONPATH} /usr/bin/python3 -W ignore:setup.py install is deprecated -W ignore:easy_install command is deprecated setup.py develop --editable --build-directory /home/msms/vision_ws/build/realsense_yolo_3d/build --no-deps symlink_data
[2.605s] colcon.colcon_core.shell Level 1 create_environment_hook('realsense_yolo_3d', 'pythonpath_develop')
[2.606s] colcon.colcon_core.shell INFO Creating environment hook '/home/msms/vision_ws/build/realsense_yolo_3d/share/realsense_yolo_3d/hook/pythonpath_develop.ps1'
[2.606s] colcon.colcon_core.event_handler.log_command DEBUG Invoked command in '/home/msms/vision_ws/build/realsense_yolo_3d' returned '0': AMENT_PREFIX_PATH=/home/msms/vision_ws/install/vision_interfaces:${AMENT_PREFIX_PATH} CMAKE_PREFIX_PATH=/home/msms/vision_ws/install/vision_interfaces LD_LIBRARY_PATH=/home/msms/vision_ws/install/vision_interfaces/lib:${LD_LIBRARY_PATH} PYTHONPATH=/home/msms/vision_ws/build/realsense_yolo_3d/prefix_override:/usr/lib/python3/dist-packages/colcon_core/task/python/colcon_distutils_commands:/home/msms/vision_ws/install/realsense_yolo_3d/lib/python3.10/site-packages:/home/msms/vision_ws/install/vision_interfaces/local/lib/python3.10/dist-packages:${PYTHONPATH} /usr/bin/python3 -W ignore:setup.py install is deprecated -W ignore:easy_install command is deprecated setup.py develop --editable --build-directory /home/msms/vision_ws/build/realsense_yolo_3d/build --no-deps symlink_data
[2.607s] colcon.colcon_core.shell INFO Creating environment descriptor '/home/msms/vision_ws/build/realsense_yolo_3d/share/realsense_yolo_3d/hook/pythonpath_develop.dsv'
[2.608s] colcon.colcon_core.shell INFO Creating environment hook '/home/msms/vision_ws/build/realsense_yolo_3d/share/realsense_yolo_3d/hook/pythonpath_develop.sh'
[2.608s] colcon.colcon_core.environment Level 1 checking '/home/msms/vision_ws/install/realsense_yolo_3d' for CMake module files
[2.609s] colcon.colcon_core.environment Level 1 checking '/home/msms/vision_ws/install/realsense_yolo_3d' for CMake config files
[2.610s] colcon.colcon_core.environment Level 1 checking '/home/msms/vision_ws/install/realsense_yolo_3d/lib'
[2.610s] colcon.colcon_core.environment Level 1 checking '/home/msms/vision_ws/install/realsense_yolo_3d/bin'
[2.610s] colcon.colcon_core.environment Level 1 checking '/home/msms/vision_ws/install/realsense_yolo_3d/lib/pkgconfig/realsense_yolo_3d.pc'
[2.610s] colcon.colcon_core.environment Level 1 checking '/home/msms/vision_ws/install/realsense_yolo_3d/lib/python3.10/site-packages'
[2.611s] colcon.colcon_core.shell Level 1 create_environment_hook('realsense_yolo_3d', 'pythonpath')
[2.611s] colcon.colcon_core.shell INFO Creating environment hook '/home/msms/vision_ws/install/realsense_yolo_3d/share/realsense_yolo_3d/hook/pythonpath.ps1'
[2.612s] colcon.colcon_core.shell INFO Creating environment descriptor '/home/msms/vision_ws/install/realsense_yolo_3d/share/realsense_yolo_3d/hook/pythonpath.dsv'
[2.612s] colcon.colcon_core.shell INFO Creating environment hook '/home/msms/vision_ws/install/realsense_yolo_3d/share/realsense_yolo_3d/hook/pythonpath.sh'
[2.613s] colcon.colcon_core.environment Level 1 checking '/home/msms/vision_ws/install/realsense_yolo_3d/bin'
[2.613s] colcon.colcon_core.environment Level 1 create_environment_scripts_only(realsense_yolo_3d)
[2.614s] colcon.colcon_core.shell INFO Creating package script '/home/msms/vision_ws/install/realsense_yolo_3d/share/realsense_yolo_3d/package.ps1'
[2.615s] colcon.colcon_core.shell INFO Creating package descriptor '/home/msms/vision_ws/install/realsense_yolo_3d/share/realsense_yolo_3d/package.dsv'
[2.616s] colcon.colcon_core.shell INFO Creating package script '/home/msms/vision_ws/install/realsense_yolo_3d/share/realsense_yolo_3d/package.sh'
[2.616s] colcon.colcon_core.shell INFO Creating package script '/home/msms/vision_ws/install/realsense_yolo_3d/share/realsense_yolo_3d/package.bash'
[2.617s] colcon.colcon_core.shell INFO Creating package script '/home/msms/vision_ws/install/realsense_yolo_3d/share/realsense_yolo_3d/package.zsh'
[2.617s] colcon.colcon_core.environment Level 1 create_file_with_runtime_dependencies(/home/msms/vision_ws/install/realsense_yolo_3d/share/colcon-core/packages/realsense_yolo_3d)
[2.617s] colcon.colcon_parallel_executor.executor.parallel DEBUG closing loop
[2.618s] colcon.colcon_parallel_executor.executor.parallel DEBUG loop closed
[2.618s] colcon.colcon_parallel_executor.executor.parallel DEBUG run_until_complete finished with '0'
[2.618s] colcon.colcon_core.event_reactor DEBUG joining thread
[2.625s] colcon.colcon_core.plugin_system INFO Skipping extension 'colcon_notification.desktop_notification.terminal_notifier': Not used on non-Darwin systems
[2.625s] colcon.colcon_core.plugin_system INFO Skipping extension 'colcon_notification.desktop_notification.win32': Not used on non-Windows systems
[2.625s] colcon.colcon_notification.desktop_notification INFO Sending desktop notification using 'notify2'
[2.636s] colcon.colcon_core.event_reactor DEBUG joined thread
[2.637s] colcon.colcon_core.shell INFO Creating prefix script '/home/msms/vision_ws/install/local_setup.ps1'
[2.638s] colcon.colcon_core.shell INFO Creating prefix util module '/home/msms/vision_ws/install/_local_setup_util_ps1.py'
[2.640s] colcon.colcon_core.shell INFO Creating prefix chain script '/home/msms/vision_ws/install/setup.ps1'
[2.641s] colcon.colcon_core.shell INFO Creating prefix script '/home/msms/vision_ws/install/local_setup.sh'
[2.641s] colcon.colcon_core.shell INFO Creating prefix util module '/home/msms/vision_ws/install/_local_setup_util_sh.py'
[2.641s] colcon.colcon_core.shell INFO Creating prefix chain script '/home/msms/vision_ws/install/setup.sh'
[2.642s] colcon.colcon_core.shell INFO Creating prefix script '/home/msms/vision_ws/install/local_setup.bash'
[2.643s] colcon.colcon_core.shell INFO Creating prefix chain script '/home/msms/vision_ws/install/setup.bash'
[2.644s] colcon.colcon_core.shell INFO Creating prefix script '/home/msms/vision_ws/install/local_setup.zsh'
[2.644s] colcon.colcon_core.shell INFO Creating prefix chain script '/home/msms/vision_ws/install/setup.zsh'
