[ 10%] Built target vision_interfaces__rosidl_generator_c
[ 12%] Built target vision_interfaces__rs
[ 15%] Built target vision_interfaces__cpp
[ 15%] Built target ament_cmake_python_symlink_vision_interfaces
[ 25%] Built target vision_interfaces__rosidl_typesupport_introspection_c
[ 35%] Built target vision_interfaces__rosidl_typesupport_c
[ 45%] Built target vision_interfaces__rosidl_typesupport_cpp
[ 55%] Built target vision_interfaces__rosidl_typesupport_fastrtps_c
[ 65%] Built target vision_interfaces__rosidl_typesupport_introspection_cpp
[ 75%] Built target vision_interfaces__rosidl_typesupport_fastrtps_cpp
[ 75%] Built target vision_interfaces
[ 77%] Built target vision_interfaces__py
[ 85%] Built target vision_interfaces__rosidl_generator_py
[100%] Built target vision_interfaces__rosidl_typesupport_introspection_c__pyext
[100%] Built target vision_interfaces__rosidl_typesupport_fastrtps_c__pyext
[100%] Built target vision_interfaces__rosidl_typesupport_c__pyext
running egg_info
writing vision_interfaces.egg-info/PKG-INFO
writing dependency_links to vision_interfaces.egg-info/dependency_links.txt
writing top-level names to vision_interfaces.egg-info/top_level.txt
reading manifest file 'vision_interfaces.egg-info/SOURCES.txt'
writing manifest file 'vision_interfaces.egg-info/SOURCES.txt'
[100%] Built target ament_cmake_python_build_vision_interfaces_egg
-- Install configuration: ""
-- Execute custom install script
-- Up-to-date symlink: /home/msms/vision_ws/install/vision_interfaces/share/ament_index/resource_index/rosidl_interfaces/vision_interfaces
-- Up-to-date symlink: /home/msms/vision_ws/install/vision_interfaces/include/vision_interfaces/vision_interfaces/msg/detail/detected_object__functions.h
-- Up-to-date symlink: /home/msms/vision_ws/install/vision_interfaces/include/vision_interfaces/vision_interfaces/msg/detail/detected_object__struct.h
-- Up-to-date symlink: /home/msms/vision_ws/install/vision_interfaces/include/vision_interfaces/vision_interfaces/msg/detail/detected_object__type_support.h
-- Up-to-date symlink: /home/msms/vision_ws/install/vision_interfaces/include/vision_interfaces/vision_interfaces/msg/detail/detected_object_array__functions.h
-- Up-to-date symlink: /home/msms/vision_ws/install/vision_interfaces/include/vision_interfaces/vision_interfaces/msg/detail/detected_object_array__struct.h
-- Up-to-date symlink: /home/msms/vision_ws/install/vision_interfaces/include/vision_interfaces/vision_interfaces/msg/detail/detected_object_array__type_support.h
-- Up-to-date symlink: /home/msms/vision_ws/install/vision_interfaces/include/vision_interfaces/vision_interfaces/msg/detected_object.h
-- Up-to-date symlink: /home/msms/vision_ws/install/vision_interfaces/include/vision_interfaces/vision_interfaces/msg/detected_object_array.h
-- Up-to-date symlink: /home/msms/vision_ws/install/vision_interfaces/include/vision_interfaces/vision_interfaces/msg/rosidl_generator_c__visibility_control.h
-- Up-to-date symlink: /home/msms/vision_ws/install/vision_interfaces/share/vision_interfaces/environment/library_path.sh
-- Up-to-date symlink: /home/msms/vision_ws/install/vision_interfaces/share/vision_interfaces/environment/library_path.dsv
-- Up-to-date symlink: /home/msms/vision_ws/install/vision_interfaces/include/vision_interfaces/vision_interfaces/msg/detail/detected_object__rosidl_typesupport_fastrtps_c.h
-- Up-to-date symlink: /home/msms/vision_ws/install/vision_interfaces/include/vision_interfaces/vision_interfaces/msg/detail/detected_object_array__rosidl_typesupport_fastrtps_c.h
-- Up-to-date symlink: /home/msms/vision_ws/install/vision_interfaces/include/vision_interfaces/vision_interfaces/msg/rosidl_typesupport_fastrtps_c__visibility_control.h
-- Up-to-date symlink: /home/msms/vision_ws/install/vision_interfaces/include/vision_interfaces/vision_interfaces/msg/detail/detected_object__builder.hpp
-- Up-to-date symlink: /home/msms/vision_ws/install/vision_interfaces/include/vision_interfaces/vision_interfaces/msg/detail/detected_object__struct.hpp
-- Up-to-date symlink: /home/msms/vision_ws/install/vision_interfaces/include/vision_interfaces/vision_interfaces/msg/detail/detected_object__traits.hpp
-- Up-to-date symlink: /home/msms/vision_ws/install/vision_interfaces/include/vision_interfaces/vision_interfaces/msg/detail/detected_object__type_support.hpp
-- Up-to-date symlink: /home/msms/vision_ws/install/vision_interfaces/include/vision_interfaces/vision_interfaces/msg/detail/detected_object_array__builder.hpp
-- Up-to-date symlink: /home/msms/vision_ws/install/vision_interfaces/include/vision_interfaces/vision_interfaces/msg/detail/detected_object_array__struct.hpp
-- Up-to-date symlink: /home/msms/vision_ws/install/vision_interfaces/include/vision_interfaces/vision_interfaces/msg/detail/detected_object_array__traits.hpp
-- Up-to-date symlink: /home/msms/vision_ws/install/vision_interfaces/include/vision_interfaces/vision_interfaces/msg/detail/detected_object_array__type_support.hpp
-- Up-to-date symlink: /home/msms/vision_ws/install/vision_interfaces/include/vision_interfaces/vision_interfaces/msg/detected_object.hpp
-- Up-to-date symlink: /home/msms/vision_ws/install/vision_interfaces/include/vision_interfaces/vision_interfaces/msg/detected_object_array.hpp
-- Up-to-date symlink: /home/msms/vision_ws/install/vision_interfaces/include/vision_interfaces/vision_interfaces/msg/rosidl_generator_cpp__visibility_control.hpp
-- Up-to-date symlink: /home/msms/vision_ws/install/vision_interfaces/include/vision_interfaces/vision_interfaces/msg/detail/detected_object__rosidl_typesupport_fastrtps_cpp.hpp
-- Up-to-date symlink: /home/msms/vision_ws/install/vision_interfaces/include/vision_interfaces/vision_interfaces/msg/detail/detected_object_array__rosidl_typesupport_fastrtps_cpp.hpp
-- Up-to-date symlink: /home/msms/vision_ws/install/vision_interfaces/include/vision_interfaces/vision_interfaces/msg/rosidl_typesupport_fastrtps_cpp__visibility_control.h
-- Up-to-date symlink: /home/msms/vision_ws/install/vision_interfaces/include/vision_interfaces/vision_interfaces/msg/detail/detected_object__rosidl_typesupport_introspection_c.h
-- Up-to-date symlink: /home/msms/vision_ws/install/vision_interfaces/include/vision_interfaces/vision_interfaces/msg/detail/detected_object_array__rosidl_typesupport_introspection_c.h
-- Up-to-date symlink: /home/msms/vision_ws/install/vision_interfaces/include/vision_interfaces/vision_interfaces/msg/rosidl_typesupport_introspection_c__visibility_control.h
-- Up-to-date symlink: /home/msms/vision_ws/install/vision_interfaces/include/vision_interfaces/vision_interfaces/msg/detail/detected_object__rosidl_typesupport_introspection_cpp.hpp
-- Up-to-date symlink: /home/msms/vision_ws/install/vision_interfaces/include/vision_interfaces/vision_interfaces/msg/detail/detected_object_array__rosidl_typesupport_introspection_cpp.hpp
-- Up-to-date symlink: /home/msms/vision_ws/install/vision_interfaces/share/vision_interfaces/environment/pythonpath.sh
-- Up-to-date symlink: /home/msms/vision_ws/install/vision_interfaces/share/vision_interfaces/environment/pythonpath.dsv
-- Up-to-date symlink: /home/msms/vision_ws/install/vision_interfaces/local/lib/python3.10/dist-packages/vision_interfaces-0.1.0-py3.10.egg-info/PKG-INFO
-- Up-to-date symlink: /home/msms/vision_ws/install/vision_interfaces/local/lib/python3.10/dist-packages/vision_interfaces-0.1.0-py3.10.egg-info/SOURCES.txt
-- Up-to-date symlink: /home/msms/vision_ws/install/vision_interfaces/local/lib/python3.10/dist-packages/vision_interfaces-0.1.0-py3.10.egg-info/dependency_links.txt
-- Up-to-date symlink: /home/msms/vision_ws/install/vision_interfaces/local/lib/python3.10/dist-packages/vision_interfaces-0.1.0-py3.10.egg-info/top_level.txt
-- Up-to-date symlink: /home/msms/vision_ws/install/vision_interfaces/local/lib/python3.10/dist-packages/vision_interfaces/__init__.py
-- Up-to-date symlink: /home/msms/vision_ws/install/vision_interfaces/local/lib/python3.10/dist-packages/vision_interfaces/_vision_interfaces_s.ep.rosidl_typesupport_c.c
-- Up-to-date symlink: /home/msms/vision_ws/install/vision_interfaces/local/lib/python3.10/dist-packages/vision_interfaces/_vision_interfaces_s.ep.rosidl_typesupport_fastrtps_c.c
-- Up-to-date symlink: /home/msms/vision_ws/install/vision_interfaces/local/lib/python3.10/dist-packages/vision_interfaces/_vision_interfaces_s.ep.rosidl_typesupport_introspection_c.c
-- Up-to-date symlink: /home/msms/vision_ws/install/vision_interfaces/local/lib/python3.10/dist-packages/vision_interfaces/libvision_interfaces__rosidl_generator_py.so
-- Up-to-date symlink: /home/msms/vision_ws/install/vision_interfaces/local/lib/python3.10/dist-packages/vision_interfaces/msg/__init__.py
-- Up-to-date symlink: /home/msms/vision_ws/install/vision_interfaces/local/lib/python3.10/dist-packages/vision_interfaces/msg/_detected_object.py
-- Up-to-date symlink: /home/msms/vision_ws/install/vision_interfaces/local/lib/python3.10/dist-packages/vision_interfaces/msg/_detected_object_array.py
-- Up-to-date symlink: /home/msms/vision_ws/install/vision_interfaces/local/lib/python3.10/dist-packages/vision_interfaces/msg/_detected_object_array_s.c
-- Up-to-date symlink: /home/msms/vision_ws/install/vision_interfaces/local/lib/python3.10/dist-packages/vision_interfaces/msg/_detected_object_s.c
-- Up-to-date symlink: /home/msms/vision_ws/install/vision_interfaces/local/lib/python3.10/dist-packages/vision_interfaces/vision_interfaces_s__rosidl_typesupport_c.cpython-310-x86_64-linux-gnu.so
-- Up-to-date symlink: /home/msms/vision_ws/install/vision_interfaces/local/lib/python3.10/dist-packages/vision_interfaces/vision_interfaces_s__rosidl_typesupport_fastrtps_c.cpython-310-x86_64-linux-gnu.so
-- Up-to-date symlink: /home/msms/vision_ws/install/vision_interfaces/local/lib/python3.10/dist-packages/vision_interfaces/vision_interfaces_s__rosidl_typesupport_introspection_c.cpython-310-x86_64-linux-gnu.so
-- Up-to-date symlink: /home/msms/vision_ws/install/vision_interfaces/local/lib/python3.10/dist-packages/vision_interfaces/vision_interfaces_s__rosidl_typesupport_fastrtps_c.cpython-310-x86_64-linux-gnu.so
-- Up-to-date symlink: /home/msms/vision_ws/install/vision_interfaces/local/lib/python3.10/dist-packages/vision_interfaces/vision_interfaces_s__rosidl_typesupport_introspection_c.cpython-310-x86_64-linux-gnu.so
-- Up-to-date symlink: /home/msms/vision_ws/install/vision_interfaces/local/lib/python3.10/dist-packages/vision_interfaces/vision_interfaces_s__rosidl_typesupport_c.cpython-310-x86_64-linux-gnu.so
-- Up-to-date symlink: /home/msms/vision_ws/install/vision_interfaces/share/ament_index/resource_index/rust_packages/vision_interfaces
-- Up-to-date symlink: /home/msms/vision_ws/install/vision_interfaces/share/vision_interfaces/rust/Cargo.toml
-- Up-to-date symlink: /home/msms/vision_ws/install/vision_interfaces/share/vision_interfaces/rust/build.rs
-- Up-to-date symlink: /home/msms/vision_ws/install/vision_interfaces/share/vision_interfaces/rust/src/lib.rs
-- Up-to-date symlink: /home/msms/vision_ws/install/vision_interfaces/share/vision_interfaces/rust/src/msg.rs
-- Up-to-date symlink: /home/msms/vision_ws/install/vision_interfaces/share/vision_interfaces/rust/src/msg/rmw.rs
-- Up-to-date symlink: /home/msms/vision_ws/install/vision_interfaces/share/vision_interfaces/msg/DetectedObject.idl
-- Up-to-date symlink: /home/msms/vision_ws/install/vision_interfaces/share/vision_interfaces/msg/DetectedObjectArray.idl
-- Up-to-date symlink: /home/msms/vision_ws/install/vision_interfaces/share/vision_interfaces/msg/DetectedObject.msg
-- Up-to-date symlink: /home/msms/vision_ws/install/vision_interfaces/share/vision_interfaces/msg/DetectedObjectArray.msg
-- Up-to-date symlink: /home/msms/vision_ws/install/vision_interfaces/share/ament_index/resource_index/package_run_dependencies/vision_interfaces
-- Up-to-date symlink: /home/msms/vision_ws/install/vision_interfaces/share/ament_index/resource_index/parent_prefix_path/vision_interfaces
-- Up-to-date symlink: /home/msms/vision_ws/install/vision_interfaces/share/vision_interfaces/environment/ament_prefix_path.sh
-- Up-to-date symlink: /home/msms/vision_ws/install/vision_interfaces/share/vision_interfaces/environment/ament_prefix_path.dsv
-- Up-to-date symlink: /home/msms/vision_ws/install/vision_interfaces/share/vision_interfaces/environment/path.sh
-- Up-to-date symlink: /home/msms/vision_ws/install/vision_interfaces/share/vision_interfaces/environment/path.dsv
-- Up-to-date symlink: /home/msms/vision_ws/install/vision_interfaces/share/vision_interfaces/local_setup.bash
-- Up-to-date symlink: /home/msms/vision_ws/install/vision_interfaces/share/vision_interfaces/local_setup.sh
-- Up-to-date symlink: /home/msms/vision_ws/install/vision_interfaces/share/vision_interfaces/local_setup.zsh
-- Up-to-date symlink: /home/msms/vision_ws/install/vision_interfaces/share/vision_interfaces/local_setup.dsv
-- Symlinking: /home/msms/vision_ws/install/vision_interfaces/share/vision_interfaces/package.dsv
-- Up-to-date symlink: /home/msms/vision_ws/install/vision_interfaces/share/ament_index/resource_index/packages/vision_interfaces
-- Up-to-date symlink: /home/msms/vision_ws/install/vision_interfaces/share/vision_interfaces/cmake/rosidl_cmake-extras.cmake
-- Up-to-date symlink: /home/msms/vision_ws/install/vision_interfaces/share/vision_interfaces/cmake/ament_cmake_export_dependencies-extras.cmake
-- Up-to-date symlink: /home/msms/vision_ws/install/vision_interfaces/share/vision_interfaces/cmake/ament_cmake_export_include_directories-extras.cmake
-- Up-to-date symlink: /home/msms/vision_ws/install/vision_interfaces/share/vision_interfaces/cmake/ament_cmake_export_libraries-extras.cmake
-- Up-to-date symlink: /home/msms/vision_ws/install/vision_interfaces/share/vision_interfaces/cmake/ament_cmake_export_targets-extras.cmake
-- Up-to-date symlink: /home/msms/vision_ws/install/vision_interfaces/share/vision_interfaces/cmake/rosidl_cmake_export_typesupport_targets-extras.cmake
-- Up-to-date symlink: /home/msms/vision_ws/install/vision_interfaces/share/vision_interfaces/cmake/rosidl_cmake_export_typesupport_libraries-extras.cmake
-- Up-to-date symlink: /home/msms/vision_ws/install/vision_interfaces/share/vision_interfaces/cmake/rosidl_cmake_aggregate_target-extras.cmake
-- Up-to-date symlink: /home/msms/vision_ws/install/vision_interfaces/share/vision_interfaces/cmake/vision_interfacesConfig.cmake
-- Up-to-date symlink: /home/msms/vision_ws/install/vision_interfaces/share/vision_interfaces/cmake/vision_interfacesConfig-version.cmake
-- Up-to-date symlink: /home/msms/vision_ws/install/vision_interfaces/share/vision_interfaces/package.xml
-- Up-to-date: /home/msms/vision_ws/install/vision_interfaces/lib/libvision_interfaces__rosidl_generator_c.so
-- Up-to-date: /home/msms/vision_ws/install/vision_interfaces/lib/libvision_interfaces__rosidl_typesupport_fastrtps_c.so
-- Up-to-date: /home/msms/vision_ws/install/vision_interfaces/lib/libvision_interfaces__rosidl_typesupport_fastrtps_cpp.so
-- Up-to-date: /home/msms/vision_ws/install/vision_interfaces/lib/libvision_interfaces__rosidl_typesupport_introspection_c.so
-- Up-to-date: /home/msms/vision_ws/install/vision_interfaces/lib/libvision_interfaces__rosidl_typesupport_c.so
-- Up-to-date: /home/msms/vision_ws/install/vision_interfaces/lib/libvision_interfaces__rosidl_typesupport_introspection_cpp.so
-- Up-to-date: /home/msms/vision_ws/install/vision_interfaces/lib/libvision_interfaces__rosidl_typesupport_cpp.so
Listing '/home/msms/vision_ws/install/vision_interfaces/local/lib/python3.10/dist-packages/vision_interfaces'...
Listing '/home/msms/vision_ws/install/vision_interfaces/local/lib/python3.10/dist-packages/vision_interfaces/msg'...
-- Up-to-date: /home/msms/vision_ws/install/vision_interfaces/lib/libvision_interfaces__rosidl_generator_py.so
-- Up-to-date: /home/msms/vision_ws/install/vision_interfaces/share/vision_interfaces/cmake/export_vision_interfaces__rosidl_generator_cExport.cmake
-- Up-to-date: /home/msms/vision_ws/install/vision_interfaces/share/vision_interfaces/cmake/export_vision_interfaces__rosidl_generator_cExport-noconfig.cmake
-- Up-to-date: /home/msms/vision_ws/install/vision_interfaces/share/vision_interfaces/cmake/export_vision_interfaces__rosidl_typesupport_fastrtps_cExport.cmake
-- Up-to-date: /home/msms/vision_ws/install/vision_interfaces/share/vision_interfaces/cmake/export_vision_interfaces__rosidl_typesupport_fastrtps_cExport-noconfig.cmake
-- Up-to-date: /home/msms/vision_ws/install/vision_interfaces/share/vision_interfaces/cmake/export_vision_interfaces__rosidl_generator_cppExport.cmake
-- Up-to-date: /home/msms/vision_ws/install/vision_interfaces/share/vision_interfaces/cmake/export_vision_interfaces__rosidl_typesupport_fastrtps_cppExport.cmake
-- Up-to-date: /home/msms/vision_ws/install/vision_interfaces/share/vision_interfaces/cmake/export_vision_interfaces__rosidl_typesupport_fastrtps_cppExport-noconfig.cmake
-- Up-to-date: /home/msms/vision_ws/install/vision_interfaces/share/vision_interfaces/cmake/vision_interfaces__rosidl_typesupport_introspection_cExport.cmake
-- Up-to-date: /home/msms/vision_ws/install/vision_interfaces/share/vision_interfaces/cmake/vision_interfaces__rosidl_typesupport_introspection_cExport-noconfig.cmake
-- Up-to-date: /home/msms/vision_ws/install/vision_interfaces/share/vision_interfaces/cmake/vision_interfaces__rosidl_typesupport_cExport.cmake
-- Up-to-date: /home/msms/vision_ws/install/vision_interfaces/share/vision_interfaces/cmake/vision_interfaces__rosidl_typesupport_cExport-noconfig.cmake
-- Up-to-date: /home/msms/vision_ws/install/vision_interfaces/share/vision_interfaces/cmake/vision_interfaces__rosidl_typesupport_introspection_cppExport.cmake
-- Up-to-date: /home/msms/vision_ws/install/vision_interfaces/share/vision_interfaces/cmake/vision_interfaces__rosidl_typesupport_introspection_cppExport-noconfig.cmake
-- Up-to-date: /home/msms/vision_ws/install/vision_interfaces/share/vision_interfaces/cmake/vision_interfaces__rosidl_typesupport_cppExport.cmake
-- Up-to-date: /home/msms/vision_ws/install/vision_interfaces/share/vision_interfaces/cmake/vision_interfaces__rosidl_typesupport_cppExport-noconfig.cmake
-- Up-to-date: /home/msms/vision_ws/install/vision_interfaces/share/vision_interfaces/cmake/export_vision_interfaces__rosidl_generator_pyExport.cmake
-- Up-to-date: /home/msms/vision_ws/install/vision_interfaces/share/vision_interfaces/cmake/export_vision_interfaces__rosidl_generator_pyExport-noconfig.cmake
