[0.009s] Invoking command in '/home/msms/vision_ws/build/vision_interfaces': CMAKE_PREFIX_PATH=/opt/ros/humble /usr/bin/cmake --build /home/msms/vision_ws/build/vision_interfaces -- -j12 -l12
[0.047s] Consolidate compiler generated dependencies of target vision_interfaces__rosidl_generator_c
[0.056s] [  5%] Built target vision_interfaces__rs
[0.056s] [  5%] Built target vision_interfaces__cpp
[0.060s] [ 15%] Built target vision_interfaces__rosidl_generator_c
[0.067s] [ 15%] Built target ament_cmake_python_symlink_vision_interfaces
[0.071s] Consolidate compiler generated dependencies of target vision_interfaces__rosidl_typesupport_introspection_cpp
[0.071s] Consolidate compiler generated dependencies of target vision_interfaces__rosidl_typesupport_fastrtps_cpp
[0.072s] Consolidate compiler generated dependencies of target vision_interfaces__rosidl_typesupport_cpp
[0.075s] Consolidate compiler generated dependencies of target vision_interfaces__rosidl_typesupport_introspection_c
[0.075s] Consolidate compiler generated dependencies of target vision_interfaces__rosidl_typesupport_c
[0.078s] Consolidate compiler generated dependencies of target vision_interfaces__rosidl_typesupport_fastrtps_c
[0.088s] [ 25%] Built target vision_interfaces__rosidl_typesupport_fastrtps_cpp
[0.088s] [ 47%] Built target vision_interfaces__rosidl_typesupport_c
[0.088s] [ 50%] Built target vision_interfaces__rosidl_typesupport_introspection_cpp
[0.088s] [ 55%] Built target vision_interfaces__rosidl_typesupport_introspection_c
[0.090s] [ 65%] Built target vision_interfaces__rosidl_typesupport_cpp
[0.094s] [ 75%] Built target vision_interfaces__rosidl_typesupport_fastrtps_c
[0.113s] [ 75%] Built target vision_interfaces
[0.132s] [ 77%] Built target vision_interfaces__py
[0.143s] Consolidate compiler generated dependencies of target vision_interfaces__rosidl_generator_py
[0.154s] [ 85%] Built target vision_interfaces__rosidl_generator_py
[0.166s] Consolidate compiler generated dependencies of target vision_interfaces__rosidl_typesupport_c__pyext
[0.166s] Consolidate compiler generated dependencies of target vision_interfaces__rosidl_typesupport_introspection_c__pyext
[0.166s] Consolidate compiler generated dependencies of target vision_interfaces__rosidl_typesupport_fastrtps_c__pyext
[0.178s] [ 95%] Built target vision_interfaces__rosidl_typesupport_introspection_c__pyext
[0.178s] [ 95%] Built target vision_interfaces__rosidl_typesupport_c__pyext
[0.178s] [100%] Built target vision_interfaces__rosidl_typesupport_fastrtps_c__pyext
[0.318s] running egg_info
[0.340s] writing vision_interfaces.egg-info/PKG-INFO
[0.340s] writing dependency_links to vision_interfaces.egg-info/dependency_links.txt
[0.340s] writing top-level names to vision_interfaces.egg-info/top_level.txt
[0.406s] reading manifest file 'vision_interfaces.egg-info/SOURCES.txt'
[0.407s] writing manifest file 'vision_interfaces.egg-info/SOURCES.txt'
[0.433s] [100%] Built target ament_cmake_python_build_vision_interfaces_egg
[0.443s] Invoked command in '/home/msms/vision_ws/build/vision_interfaces' returned '0': CMAKE_PREFIX_PATH=/opt/ros/humble /usr/bin/cmake --build /home/msms/vision_ws/build/vision_interfaces -- -j12 -l12
[0.452s] Invoking command in '/home/msms/vision_ws/build/vision_interfaces': CMAKE_PREFIX_PATH=/opt/ros/humble /usr/bin/cmake --install /home/msms/vision_ws/build/vision_interfaces
[0.459s] -- Install configuration: ""
[0.459s] -- Execute custom install script
[0.459s] -- Up-to-date symlink: /home/msms/vision_ws/install/vision_interfaces/share/ament_index/resource_index/rosidl_interfaces/vision_interfaces
[0.460s] -- Up-to-date symlink: /home/msms/vision_ws/install/vision_interfaces/include/vision_interfaces/vision_interfaces/msg/detail/detected_object__functions.h
[0.460s] -- Up-to-date symlink: /home/msms/vision_ws/install/vision_interfaces/include/vision_interfaces/vision_interfaces/msg/detail/detected_object__struct.h
[0.460s] -- Up-to-date symlink: /home/msms/vision_ws/install/vision_interfaces/include/vision_interfaces/vision_interfaces/msg/detail/detected_object__type_support.h
[0.460s] -- Up-to-date symlink: /home/msms/vision_ws/install/vision_interfaces/include/vision_interfaces/vision_interfaces/msg/detail/detected_object_array__functions.h
[0.460s] -- Up-to-date symlink: /home/msms/vision_ws/install/vision_interfaces/include/vision_interfaces/vision_interfaces/msg/detail/detected_object_array__struct.h
[0.460s] -- Up-to-date symlink: /home/msms/vision_ws/install/vision_interfaces/include/vision_interfaces/vision_interfaces/msg/detail/detected_object_array__type_support.h
[0.460s] -- Up-to-date symlink: /home/msms/vision_ws/install/vision_interfaces/include/vision_interfaces/vision_interfaces/msg/detected_object.h
[0.461s] -- Up-to-date symlink: /home/msms/vision_ws/install/vision_interfaces/include/vision_interfaces/vision_interfaces/msg/detected_object_array.h
[0.461s] -- Up-to-date symlink: /home/msms/vision_ws/install/vision_interfaces/include/vision_interfaces/vision_interfaces/msg/rosidl_generator_c__visibility_control.h
[0.461s] -- Up-to-date symlink: /home/msms/vision_ws/install/vision_interfaces/share/vision_interfaces/environment/library_path.sh
[0.461s] -- Up-to-date symlink: /home/msms/vision_ws/install/vision_interfaces/share/vision_interfaces/environment/library_path.dsv
[0.461s] -- Up-to-date symlink: /home/msms/vision_ws/install/vision_interfaces/include/vision_interfaces/vision_interfaces/msg/detail/detected_object__rosidl_typesupport_fastrtps_c.h
[0.461s] -- Up-to-date symlink: /home/msms/vision_ws/install/vision_interfaces/include/vision_interfaces/vision_interfaces/msg/detail/detected_object_array__rosidl_typesupport_fastrtps_c.h
[0.461s] -- Up-to-date symlink: /home/msms/vision_ws/install/vision_interfaces/include/vision_interfaces/vision_interfaces/msg/rosidl_typesupport_fastrtps_c__visibility_control.h
[0.462s] -- Up-to-date symlink: /home/msms/vision_ws/install/vision_interfaces/include/vision_interfaces/vision_interfaces/msg/detail/detected_object__builder.hpp
[0.462s] -- Up-to-date symlink: /home/msms/vision_ws/install/vision_interfaces/include/vision_interfaces/vision_interfaces/msg/detail/detected_object__struct.hpp
[0.462s] -- Up-to-date symlink: /home/msms/vision_ws/install/vision_interfaces/include/vision_interfaces/vision_interfaces/msg/detail/detected_object__traits.hpp
[0.462s] -- Up-to-date symlink: /home/msms/vision_ws/install/vision_interfaces/include/vision_interfaces/vision_interfaces/msg/detail/detected_object__type_support.hpp
[0.462s] -- Up-to-date symlink: /home/msms/vision_ws/install/vision_interfaces/include/vision_interfaces/vision_interfaces/msg/detail/detected_object_array__builder.hpp
[0.462s] -- Up-to-date symlink: /home/msms/vision_ws/install/vision_interfaces/include/vision_interfaces/vision_interfaces/msg/detail/detected_object_array__struct.hpp
[0.463s] -- Up-to-date symlink: /home/msms/vision_ws/install/vision_interfaces/include/vision_interfaces/vision_interfaces/msg/detail/detected_object_array__traits.hpp
[0.463s] -- Up-to-date symlink: /home/msms/vision_ws/install/vision_interfaces/include/vision_interfaces/vision_interfaces/msg/detail/detected_object_array__type_support.hpp
[0.463s] -- Up-to-date symlink: /home/msms/vision_ws/install/vision_interfaces/include/vision_interfaces/vision_interfaces/msg/detected_object.hpp
[0.463s] -- Up-to-date symlink: /home/msms/vision_ws/install/vision_interfaces/include/vision_interfaces/vision_interfaces/msg/detected_object_array.hpp
[0.463s] -- Up-to-date symlink: /home/msms/vision_ws/install/vision_interfaces/include/vision_interfaces/vision_interfaces/msg/rosidl_generator_cpp__visibility_control.hpp
[0.463s] -- Up-to-date symlink: /home/msms/vision_ws/install/vision_interfaces/include/vision_interfaces/vision_interfaces/msg/detail/detected_object__rosidl_typesupport_fastrtps_cpp.hpp
[0.463s] -- Up-to-date symlink: /home/msms/vision_ws/install/vision_interfaces/include/vision_interfaces/vision_interfaces/msg/detail/detected_object_array__rosidl_typesupport_fastrtps_cpp.hpp
[0.464s] -- Up-to-date symlink: /home/msms/vision_ws/install/vision_interfaces/include/vision_interfaces/vision_interfaces/msg/rosidl_typesupport_fastrtps_cpp__visibility_control.h
[0.464s] -- Up-to-date symlink: /home/msms/vision_ws/install/vision_interfaces/include/vision_interfaces/vision_interfaces/msg/detail/detected_object__rosidl_typesupport_introspection_c.h
[0.464s] -- Up-to-date symlink: /home/msms/vision_ws/install/vision_interfaces/include/vision_interfaces/vision_interfaces/msg/detail/detected_object_array__rosidl_typesupport_introspection_c.h
[0.464s] -- Up-to-date symlink: /home/msms/vision_ws/install/vision_interfaces/include/vision_interfaces/vision_interfaces/msg/rosidl_typesupport_introspection_c__visibility_control.h
[0.465s] -- Up-to-date symlink: /home/msms/vision_ws/install/vision_interfaces/include/vision_interfaces/vision_interfaces/msg/detail/detected_object__rosidl_typesupport_introspection_cpp.hpp
[0.465s] -- Up-to-date symlink: /home/msms/vision_ws/install/vision_interfaces/include/vision_interfaces/vision_interfaces/msg/detail/detected_object_array__rosidl_typesupport_introspection_cpp.hpp
[0.465s] -- Up-to-date symlink: /home/msms/vision_ws/install/vision_interfaces/share/vision_interfaces/environment/pythonpath.sh
[0.465s] -- Up-to-date symlink: /home/msms/vision_ws/install/vision_interfaces/share/vision_interfaces/environment/pythonpath.dsv
[0.465s] -- Up-to-date symlink: /home/msms/vision_ws/install/vision_interfaces/local/lib/python3.10/dist-packages/vision_interfaces-0.1.0-py3.10.egg-info/PKG-INFO
[0.465s] -- Up-to-date symlink: /home/msms/vision_ws/install/vision_interfaces/local/lib/python3.10/dist-packages/vision_interfaces-0.1.0-py3.10.egg-info/SOURCES.txt
[0.465s] -- Up-to-date symlink: /home/msms/vision_ws/install/vision_interfaces/local/lib/python3.10/dist-packages/vision_interfaces-0.1.0-py3.10.egg-info/dependency_links.txt
[0.466s] -- Up-to-date symlink: /home/msms/vision_ws/install/vision_interfaces/local/lib/python3.10/dist-packages/vision_interfaces-0.1.0-py3.10.egg-info/top_level.txt
[0.466s] -- Up-to-date symlink: /home/msms/vision_ws/install/vision_interfaces/local/lib/python3.10/dist-packages/vision_interfaces/__init__.py
[0.466s] -- Up-to-date symlink: /home/msms/vision_ws/install/vision_interfaces/local/lib/python3.10/dist-packages/vision_interfaces/_vision_interfaces_s.ep.rosidl_typesupport_c.c
[0.466s] -- Up-to-date symlink: /home/msms/vision_ws/install/vision_interfaces/local/lib/python3.10/dist-packages/vision_interfaces/_vision_interfaces_s.ep.rosidl_typesupport_fastrtps_c.c
[0.467s] -- Up-to-date symlink: /home/msms/vision_ws/install/vision_interfaces/local/lib/python3.10/dist-packages/vision_interfaces/_vision_interfaces_s.ep.rosidl_typesupport_introspection_c.c
[0.467s] -- Up-to-date symlink: /home/msms/vision_ws/install/vision_interfaces/local/lib/python3.10/dist-packages/vision_interfaces/libvision_interfaces__rosidl_generator_py.so
[0.467s] -- Up-to-date symlink: /home/msms/vision_ws/install/vision_interfaces/local/lib/python3.10/dist-packages/vision_interfaces/msg/__init__.py
[0.467s] -- Up-to-date symlink: /home/msms/vision_ws/install/vision_interfaces/local/lib/python3.10/dist-packages/vision_interfaces/msg/_detected_object.py
[0.467s] -- Up-to-date symlink: /home/msms/vision_ws/install/vision_interfaces/local/lib/python3.10/dist-packages/vision_interfaces/msg/_detected_object_array.py
[0.467s] -- Up-to-date symlink: /home/msms/vision_ws/install/vision_interfaces/local/lib/python3.10/dist-packages/vision_interfaces/msg/_detected_object_array_s.c
[0.467s] -- Up-to-date symlink: /home/msms/vision_ws/install/vision_interfaces/local/lib/python3.10/dist-packages/vision_interfaces/msg/_detected_object_s.c
[0.467s] -- Up-to-date symlink: /home/msms/vision_ws/install/vision_interfaces/local/lib/python3.10/dist-packages/vision_interfaces/vision_interfaces_s__rosidl_typesupport_c.cpython-310-x86_64-linux-gnu.so
[0.467s] -- Up-to-date symlink: /home/msms/vision_ws/install/vision_interfaces/local/lib/python3.10/dist-packages/vision_interfaces/vision_interfaces_s__rosidl_typesupport_fastrtps_c.cpython-310-x86_64-linux-gnu.so
[0.467s] -- Up-to-date symlink: /home/msms/vision_ws/install/vision_interfaces/local/lib/python3.10/dist-packages/vision_interfaces/vision_interfaces_s__rosidl_typesupport_introspection_c.cpython-310-x86_64-linux-gnu.so
[0.468s] -- Up-to-date symlink: /home/msms/vision_ws/install/vision_interfaces/local/lib/python3.10/dist-packages/vision_interfaces/vision_interfaces_s__rosidl_typesupport_fastrtps_c.cpython-310-x86_64-linux-gnu.so
[0.468s] -- Up-to-date symlink: /home/msms/vision_ws/install/vision_interfaces/local/lib/python3.10/dist-packages/vision_interfaces/vision_interfaces_s__rosidl_typesupport_introspection_c.cpython-310-x86_64-linux-gnu.so
[0.468s] -- Up-to-date symlink: /home/msms/vision_ws/install/vision_interfaces/local/lib/python3.10/dist-packages/vision_interfaces/vision_interfaces_s__rosidl_typesupport_c.cpython-310-x86_64-linux-gnu.so
[0.468s] -- Up-to-date symlink: /home/msms/vision_ws/install/vision_interfaces/share/ament_index/resource_index/rust_packages/vision_interfaces
[0.469s] -- Up-to-date symlink: /home/msms/vision_ws/install/vision_interfaces/share/vision_interfaces/rust/Cargo.toml
[0.469s] -- Up-to-date symlink: /home/msms/vision_ws/install/vision_interfaces/share/vision_interfaces/rust/build.rs
[0.469s] -- Up-to-date symlink: /home/msms/vision_ws/install/vision_interfaces/share/vision_interfaces/rust/src/lib.rs
[0.469s] -- Up-to-date symlink: /home/msms/vision_ws/install/vision_interfaces/share/vision_interfaces/rust/src/msg.rs
[0.469s] -- Up-to-date symlink: /home/msms/vision_ws/install/vision_interfaces/share/vision_interfaces/rust/src/msg/rmw.rs
[0.469s] -- Up-to-date symlink: /home/msms/vision_ws/install/vision_interfaces/share/vision_interfaces/msg/DetectedObject.idl
[0.469s] -- Up-to-date symlink: /home/msms/vision_ws/install/vision_interfaces/share/vision_interfaces/msg/DetectedObjectArray.idl
[0.470s] -- Up-to-date symlink: /home/msms/vision_ws/install/vision_interfaces/share/vision_interfaces/msg/DetectedObject.msg
[0.470s] -- Up-to-date symlink: /home/msms/vision_ws/install/vision_interfaces/share/vision_interfaces/msg/DetectedObjectArray.msg
[0.470s] -- Up-to-date symlink: /home/msms/vision_ws/install/vision_interfaces/share/ament_index/resource_index/package_run_dependencies/vision_interfaces
[0.470s] -- Up-to-date symlink: /home/msms/vision_ws/install/vision_interfaces/share/ament_index/resource_index/parent_prefix_path/vision_interfaces
[0.470s] -- Up-to-date symlink: /home/msms/vision_ws/install/vision_interfaces/share/vision_interfaces/environment/ament_prefix_path.sh
[0.470s] -- Up-to-date symlink: /home/msms/vision_ws/install/vision_interfaces/share/vision_interfaces/environment/ament_prefix_path.dsv
[0.470s] -- Up-to-date symlink: /home/msms/vision_ws/install/vision_interfaces/share/vision_interfaces/environment/path.sh
[0.470s] -- Up-to-date symlink: /home/msms/vision_ws/install/vision_interfaces/share/vision_interfaces/environment/path.dsv
[0.471s] -- Up-to-date symlink: /home/msms/vision_ws/install/vision_interfaces/share/vision_interfaces/local_setup.bash
[0.471s] -- Up-to-date symlink: /home/msms/vision_ws/install/vision_interfaces/share/vision_interfaces/local_setup.sh
[0.471s] -- Up-to-date symlink: /home/msms/vision_ws/install/vision_interfaces/share/vision_interfaces/local_setup.zsh
[0.471s] -- Up-to-date symlink: /home/msms/vision_ws/install/vision_interfaces/share/vision_interfaces/local_setup.dsv
[0.471s] -- Symlinking: /home/msms/vision_ws/install/vision_interfaces/share/vision_interfaces/package.dsv
[0.479s] -- Up-to-date symlink: /home/msms/vision_ws/install/vision_interfaces/share/ament_index/resource_index/packages/vision_interfaces
[0.479s] -- Up-to-date symlink: /home/msms/vision_ws/install/vision_interfaces/share/vision_interfaces/cmake/rosidl_cmake-extras.cmake
[0.479s] -- Up-to-date symlink: /home/msms/vision_ws/install/vision_interfaces/share/vision_interfaces/cmake/ament_cmake_export_dependencies-extras.cmake
[0.479s] -- Up-to-date symlink: /home/msms/vision_ws/install/vision_interfaces/share/vision_interfaces/cmake/ament_cmake_export_include_directories-extras.cmake
[0.480s] -- Up-to-date symlink: /home/msms/vision_ws/install/vision_interfaces/share/vision_interfaces/cmake/ament_cmake_export_libraries-extras.cmake
[0.480s] -- Up-to-date symlink: /home/msms/vision_ws/install/vision_interfaces/share/vision_interfaces/cmake/ament_cmake_export_targets-extras.cmake
[0.480s] -- Up-to-date symlink: /home/msms/vision_ws/install/vision_interfaces/share/vision_interfaces/cmake/rosidl_cmake_export_typesupport_targets-extras.cmake
[0.480s] -- Up-to-date symlink: /home/msms/vision_ws/install/vision_interfaces/share/vision_interfaces/cmake/rosidl_cmake_export_typesupport_libraries-extras.cmake
[0.480s] -- Up-to-date symlink: /home/msms/vision_ws/install/vision_interfaces/share/vision_interfaces/cmake/rosidl_cmake_aggregate_target-extras.cmake
[0.480s] -- Up-to-date symlink: /home/msms/vision_ws/install/vision_interfaces/share/vision_interfaces/cmake/vision_interfacesConfig.cmake
[0.480s] -- Up-to-date symlink: /home/msms/vision_ws/install/vision_interfaces/share/vision_interfaces/cmake/vision_interfacesConfig-version.cmake
[0.480s] -- Up-to-date symlink: /home/msms/vision_ws/install/vision_interfaces/share/vision_interfaces/package.xml
[0.481s] -- Up-to-date: /home/msms/vision_ws/install/vision_interfaces/lib/libvision_interfaces__rosidl_generator_c.so
[0.481s] -- Up-to-date: /home/msms/vision_ws/install/vision_interfaces/lib/libvision_interfaces__rosidl_typesupport_fastrtps_c.so
[0.481s] -- Up-to-date: /home/msms/vision_ws/install/vision_interfaces/lib/libvision_interfaces__rosidl_typesupport_fastrtps_cpp.so
[0.482s] -- Up-to-date: /home/msms/vision_ws/install/vision_interfaces/lib/libvision_interfaces__rosidl_typesupport_introspection_c.so
[0.482s] -- Up-to-date: /home/msms/vision_ws/install/vision_interfaces/lib/libvision_interfaces__rosidl_typesupport_c.so
[0.482s] -- Up-to-date: /home/msms/vision_ws/install/vision_interfaces/lib/libvision_interfaces__rosidl_typesupport_introspection_cpp.so
[0.483s] -- Up-to-date: /home/msms/vision_ws/install/vision_interfaces/lib/libvision_interfaces__rosidl_typesupport_cpp.so
[0.513s] Listing '/home/msms/vision_ws/install/vision_interfaces/local/lib/python3.10/dist-packages/vision_interfaces'...
[0.513s] Listing '/home/msms/vision_ws/install/vision_interfaces/local/lib/python3.10/dist-packages/vision_interfaces/msg'...
[0.517s] -- Up-to-date: /home/msms/vision_ws/install/vision_interfaces/lib/libvision_interfaces__rosidl_generator_py.so
[0.518s] -- Up-to-date: /home/msms/vision_ws/install/vision_interfaces/share/vision_interfaces/cmake/export_vision_interfaces__rosidl_generator_cExport.cmake
[0.518s] -- Up-to-date: /home/msms/vision_ws/install/vision_interfaces/share/vision_interfaces/cmake/export_vision_interfaces__rosidl_generator_cExport-noconfig.cmake
[0.518s] -- Up-to-date: /home/msms/vision_ws/install/vision_interfaces/share/vision_interfaces/cmake/export_vision_interfaces__rosidl_typesupport_fastrtps_cExport.cmake
[0.518s] -- Up-to-date: /home/msms/vision_ws/install/vision_interfaces/share/vision_interfaces/cmake/export_vision_interfaces__rosidl_typesupport_fastrtps_cExport-noconfig.cmake
[0.518s] -- Up-to-date: /home/msms/vision_ws/install/vision_interfaces/share/vision_interfaces/cmake/export_vision_interfaces__rosidl_generator_cppExport.cmake
[0.518s] -- Up-to-date: /home/msms/vision_ws/install/vision_interfaces/share/vision_interfaces/cmake/export_vision_interfaces__rosidl_typesupport_fastrtps_cppExport.cmake
[0.518s] -- Up-to-date: /home/msms/vision_ws/install/vision_interfaces/share/vision_interfaces/cmake/export_vision_interfaces__rosidl_typesupport_fastrtps_cppExport-noconfig.cmake
[0.518s] -- Up-to-date: /home/msms/vision_ws/install/vision_interfaces/share/vision_interfaces/cmake/vision_interfaces__rosidl_typesupport_introspection_cExport.cmake
[0.518s] -- Up-to-date: /home/msms/vision_ws/install/vision_interfaces/share/vision_interfaces/cmake/vision_interfaces__rosidl_typesupport_introspection_cExport-noconfig.cmake
[0.518s] -- Up-to-date: /home/msms/vision_ws/install/vision_interfaces/share/vision_interfaces/cmake/vision_interfaces__rosidl_typesupport_cExport.cmake
[0.519s] -- Up-to-date: /home/msms/vision_ws/install/vision_interfaces/share/vision_interfaces/cmake/vision_interfaces__rosidl_typesupport_cExport-noconfig.cmake
[0.519s] -- Up-to-date: /home/msms/vision_ws/install/vision_interfaces/share/vision_interfaces/cmake/vision_interfaces__rosidl_typesupport_introspection_cppExport.cmake
[0.519s] -- Up-to-date: /home/msms/vision_ws/install/vision_interfaces/share/vision_interfaces/cmake/vision_interfaces__rosidl_typesupport_introspection_cppExport-noconfig.cmake
[0.519s] -- Up-to-date: /home/msms/vision_ws/install/vision_interfaces/share/vision_interfaces/cmake/vision_interfaces__rosidl_typesupport_cppExport.cmake
[0.519s] -- Up-to-date: /home/msms/vision_ws/install/vision_interfaces/share/vision_interfaces/cmake/vision_interfaces__rosidl_typesupport_cppExport-noconfig.cmake
[0.519s] -- Up-to-date: /home/msms/vision_ws/install/vision_interfaces/share/vision_interfaces/cmake/export_vision_interfaces__rosidl_generator_pyExport.cmake
[0.519s] -- Up-to-date: /home/msms/vision_ws/install/vision_interfaces/share/vision_interfaces/cmake/export_vision_interfaces__rosidl_generator_pyExport-noconfig.cmake
[0.521s] Invoked command in '/home/msms/vision_ws/build/vision_interfaces' returned '0': CMAKE_PREFIX_PATH=/opt/ros/humble /usr/bin/cmake --install /home/msms/vision_ws/build/vision_interfaces
