-- The C compiler identification is GNU 11.4.0
-- The CXX compiler identification is GNU 11.4.0
-- Detecting C compiler ABI info
-- Detecting C compiler ABI info - done
-- Check for working C compiler: /usr/bin/cc - skipped
-- Detecting C compile features
-- Detecting C compile features - done
-- Detecting CXX compiler ABI info
-- Detecting CXX compiler ABI info - done
-- Check for working CXX compiler: /usr/bin/c++ - skipped
-- Detecting CXX compile features
-- Detecting CXX compile features - done
-- Found ament_cmake: 1.3.14 (/opt/ros/humble/share/ament_cmake/cmake)
-- Found Python3: /usr/bin/python3 (found version "3.10.12") found components: Interpreter 
-- Override CMake install command with custom implementation using symlinks instead of copying resources
-- Found geometry_msgs: 4.9.1 (/opt/ros/humble/share/geometry_msgs/cmake)
-- Found rosidl_generator_c: 3.1.9 (/opt/ros/humble/share/rosidl_generator_c/cmake)
-- Found rosidl_adapter: 3.1.9 (/opt/ros/humble/share/rosidl_adapter/cmake)
-- Found rosidl_generator_cpp: 3.1.9 (/opt/ros/humble/share/rosidl_generator_cpp/cmake)
-- Using all available rosidl_typesupport_c: rosidl_typesupport_fastrtps_c;rosidl_typesupport_introspection_c
-- Using all available rosidl_typesupport_cpp: rosidl_typesupport_fastrtps_cpp;rosidl_typesupport_introspection_cpp
-- Found rosidl_default_generators: 1.2.1 (/opt/ros/humble/share/rosidl_default_generators/cmake)
-- Found ament_cmake_ros: 0.10.0 (/opt/ros/humble/share/ament_cmake_ros/cmake)
-- Using all available rosidl_typesupport_c: rosidl_typesupport_fastrtps_c;rosidl_typesupport_introspection_c
-- Using all available rosidl_typesupport_cpp: rosidl_typesupport_fastrtps_cpp;rosidl_typesupport_introspection_cpp
-- Found PythonInterp: /usr/bin/python3 (found suitable version "3.10.12", minimum required is "3.6") 
-- Found python_cmake_module: 0.10.0 (/opt/ros/humble/share/python_cmake_module/cmake)
-- Found PythonLibs: /usr/lib/x86_64-linux-gnu/libpython3.10.so (found suitable version "3.10.12", minimum required is "3.5") 
-- Using PYTHON_EXECUTABLE: /usr/bin/python3
-- Using PYTHON_INCLUDE_DIRS: /usr/include/python3.10
-- Using PYTHON_LIBRARIES: /usr/lib/x86_64-linux-gnu/libpython3.10.so
-- Found PythonExtra: .so  
-- Configuring done
-- Generating done
-- Build files have been written to: /home/msms/vision_ws/build/vision_interfaces
[  2%] Generating C code for ROS interfaces
[  7%] Generating C++ code for ROS interfaces
[  7%] Generating Rust code for ROS interfaces
[  7%] Built target ament_cmake_python_symlink_vision_interfaces
[  7%] Built target vision_interfaces__rs
running egg_info
creating vision_interfaces.egg-info
writing vision_interfaces.egg-info/PKG-INFO
writing dependency_links to vision_interfaces.egg-info/dependency_links.txt
writing top-level names to vision_interfaces.egg-info/top_level.txt
writing manifest file 'vision_interfaces.egg-info/SOURCES.txt'
reading manifest file 'vision_interfaces.egg-info/SOURCES.txt'
writing manifest file 'vision_interfaces.egg-info/SOURCES.txt'
[ 12%] Building C object CMakeFiles/vision_interfaces__rosidl_generator_c.dir/rosidl_generator_c/vision_interfaces/msg/detail/detected_object_array__functions.c.o
[ 12%] Building C object CMakeFiles/vision_interfaces__rosidl_generator_c.dir/rosidl_generator_c/vision_interfaces/msg/detail/detected_object__functions.c.o
[ 12%] Built target vision_interfaces__cpp
[ 12%] Built target ament_cmake_python_build_vision_interfaces_egg
[ 17%] Generating C++ type support for eProsima Fast-RTPS
[ 17%] Generating C++ type support dispatch for ROS interfaces
[ 20%] Generating C++ introspection for ROS interfaces
[ 22%] Linking C shared library libvision_interfaces__rosidl_generator_c.so
[ 22%] Built target vision_interfaces__rosidl_generator_c
[ 25%] Generating C type support for eProsima Fast-RTPS
[ 27%] Generating C type support dispatch for ROS interfaces
[ 30%] Generating C introspection for ROS interfaces
[ 32%] Building CXX object CMakeFiles/vision_interfaces__rosidl_typesupport_cpp.dir/rosidl_typesupport_cpp/vision_interfaces/msg/detected_object_array__type_support.cpp.o
[ 35%] Building CXX object CMakeFiles/vision_interfaces__rosidl_typesupport_cpp.dir/rosidl_typesupport_cpp/vision_interfaces/msg/detected_object__type_support.cpp.o
[ 37%] Building CXX object CMakeFiles/vision_interfaces__rosidl_typesupport_fastrtps_cpp.dir/rosidl_typesupport_fastrtps_cpp/vision_interfaces/msg/detail/dds_fastrtps/detected_object__type_support.cpp.o
[ 40%] Building CXX object CMakeFiles/vision_interfaces__rosidl_typesupport_fastrtps_cpp.dir/rosidl_typesupport_fastrtps_cpp/vision_interfaces/msg/detail/dds_fastrtps/detected_object_array__type_support.cpp.o
[ 42%] Building CXX object CMakeFiles/vision_interfaces__rosidl_typesupport_introspection_cpp.dir/rosidl_typesupport_introspection_cpp/vision_interfaces/msg/detail/detected_object__type_support.cpp.o
[ 45%] Building CXX object CMakeFiles/vision_interfaces__rosidl_typesupport_introspection_cpp.dir/rosidl_typesupport_introspection_cpp/vision_interfaces/msg/detail/detected_object_array__type_support.cpp.o
[ 47%] Building CXX object CMakeFiles/vision_interfaces__rosidl_typesupport_c.dir/rosidl_typesupport_c/vision_interfaces/msg/detected_object__type_support.cpp.o
[ 50%] Building CXX object CMakeFiles/vision_interfaces__rosidl_typesupport_c.dir/rosidl_typesupport_c/vision_interfaces/msg/detected_object_array__type_support.cpp.o
[ 52%] Building C object CMakeFiles/vision_interfaces__rosidl_typesupport_introspection_c.dir/rosidl_typesupport_introspection_c/vision_interfaces/msg/detail/detected_object__type_support.c.o
[ 55%] Building C object CMakeFiles/vision_interfaces__rosidl_typesupport_introspection_c.dir/rosidl_typesupport_introspection_c/vision_interfaces/msg/detail/detected_object_array__type_support.c.o
[ 57%] Linking CXX shared library libvision_interfaces__rosidl_typesupport_c.so
[ 60%] Building CXX object CMakeFiles/vision_interfaces__rosidl_typesupport_fastrtps_c.dir/rosidl_typesupport_fastrtps_c/vision_interfaces/msg/detail/detected_object_array__type_support_c.cpp.o
[ 62%] Building CXX object CMakeFiles/vision_interfaces__rosidl_typesupport_fastrtps_c.dir/rosidl_typesupport_fastrtps_c/vision_interfaces/msg/detail/detected_object__type_support_c.cpp.o
[ 65%] Linking C shared library libvision_interfaces__rosidl_typesupport_introspection_c.so
[ 65%] Built target vision_interfaces__rosidl_typesupport_c
[ 65%] Built target vision_interfaces__rosidl_typesupport_introspection_c
[ 67%] Linking CXX shared library libvision_interfaces__rosidl_typesupport_cpp.so
[ 67%] Built target vision_interfaces__rosidl_typesupport_cpp
[ 70%] Linking CXX shared library libvision_interfaces__rosidl_typesupport_fastrtps_cpp.so
[ 72%] Linking CXX shared library libvision_interfaces__rosidl_typesupport_introspection_cpp.so
[ 75%] Linking CXX shared library libvision_interfaces__rosidl_typesupport_fastrtps_c.so
[ 75%] Built target vision_interfaces__rosidl_typesupport_fastrtps_cpp
[ 75%] Built target vision_interfaces__rosidl_typesupport_introspection_cpp
[ 75%] Built target vision_interfaces__rosidl_typesupport_fastrtps_c
[ 75%] Built target vision_interfaces
[ 77%] Generating Python code for ROS interfaces
[ 77%] Built target vision_interfaces__py
[ 82%] Building C object CMakeFiles/vision_interfaces__rosidl_generator_py.dir/rosidl_generator_py/vision_interfaces/msg/_detected_object_array_s.c.o
[ 82%] Building C object CMakeFiles/vision_interfaces__rosidl_generator_py.dir/rosidl_generator_py/vision_interfaces/msg/_detected_object_s.c.o
[ 85%] Linking C shared library rosidl_generator_py/vision_interfaces/libvision_interfaces__rosidl_generator_py.so
[ 85%] Built target vision_interfaces__rosidl_generator_py
[ 90%] Building C object CMakeFiles/vision_interfaces__rosidl_typesupport_introspection_c__pyext.dir/rosidl_generator_py/vision_interfaces/_vision_interfaces_s.ep.rosidl_typesupport_introspection_c.c.o
[ 90%] Building C object CMakeFiles/vision_interfaces__rosidl_typesupport_fastrtps_c__pyext.dir/rosidl_generator_py/vision_interfaces/_vision_interfaces_s.ep.rosidl_typesupport_fastrtps_c.c.o
[ 92%] Building C object CMakeFiles/vision_interfaces__rosidl_typesupport_c__pyext.dir/rosidl_generator_py/vision_interfaces/_vision_interfaces_s.ep.rosidl_typesupport_c.c.o
[ 95%] Linking C shared library rosidl_generator_py/vision_interfaces/vision_interfaces_s__rosidl_typesupport_fastrtps_c.cpython-310-x86_64-linux-gnu.so
[ 97%] Linking C shared library rosidl_generator_py/vision_interfaces/vision_interfaces_s__rosidl_typesupport_introspection_c.cpython-310-x86_64-linux-gnu.so
[100%] Linking C shared library rosidl_generator_py/vision_interfaces/vision_interfaces_s__rosidl_typesupport_c.cpython-310-x86_64-linux-gnu.so
[100%] Built target vision_interfaces__rosidl_typesupport_fastrtps_c__pyext
[100%] Built target vision_interfaces__rosidl_typesupport_c__pyext
[100%] Built target vision_interfaces__rosidl_typesupport_introspection_c__pyext
-- Install configuration: ""
-- Execute custom install script
-- Symlinking: /home/msms/vision_ws/install/vision_interfaces/share/ament_index/resource_index/rosidl_interfaces/vision_interfaces
-- Symlinking: /home/msms/vision_ws/install/vision_interfaces/include/vision_interfaces/vision_interfaces/msg/detail/detected_object__functions.h
-- Symlinking: /home/msms/vision_ws/install/vision_interfaces/include/vision_interfaces/vision_interfaces/msg/detail/detected_object__struct.h
-- Symlinking: /home/msms/vision_ws/install/vision_interfaces/include/vision_interfaces/vision_interfaces/msg/detail/detected_object__type_support.h
-- Symlinking: /home/msms/vision_ws/install/vision_interfaces/include/vision_interfaces/vision_interfaces/msg/detail/detected_object_array__functions.h
-- Symlinking: /home/msms/vision_ws/install/vision_interfaces/include/vision_interfaces/vision_interfaces/msg/detail/detected_object_array__struct.h
-- Symlinking: /home/msms/vision_ws/install/vision_interfaces/include/vision_interfaces/vision_interfaces/msg/detail/detected_object_array__type_support.h
-- Symlinking: /home/msms/vision_ws/install/vision_interfaces/include/vision_interfaces/vision_interfaces/msg/detected_object.h
-- Symlinking: /home/msms/vision_ws/install/vision_interfaces/include/vision_interfaces/vision_interfaces/msg/detected_object_array.h
-- Symlinking: /home/msms/vision_ws/install/vision_interfaces/include/vision_interfaces/vision_interfaces/msg/rosidl_generator_c__visibility_control.h
-- Symlinking: /home/msms/vision_ws/install/vision_interfaces/share/vision_interfaces/environment/library_path.sh
-- Symlinking: /home/msms/vision_ws/install/vision_interfaces/share/vision_interfaces/environment/library_path.dsv
-- Symlinking: /home/msms/vision_ws/install/vision_interfaces/include/vision_interfaces/vision_interfaces/msg/detail/detected_object__rosidl_typesupport_fastrtps_c.h
-- Symlinking: /home/msms/vision_ws/install/vision_interfaces/include/vision_interfaces/vision_interfaces/msg/detail/detected_object_array__rosidl_typesupport_fastrtps_c.h
-- Symlinking: /home/msms/vision_ws/install/vision_interfaces/include/vision_interfaces/vision_interfaces/msg/rosidl_typesupport_fastrtps_c__visibility_control.h
-- Symlinking: /home/msms/vision_ws/install/vision_interfaces/include/vision_interfaces/vision_interfaces/msg/detail/detected_object__builder.hpp
-- Symlinking: /home/msms/vision_ws/install/vision_interfaces/include/vision_interfaces/vision_interfaces/msg/detail/detected_object__struct.hpp
-- Symlinking: /home/msms/vision_ws/install/vision_interfaces/include/vision_interfaces/vision_interfaces/msg/detail/detected_object__traits.hpp
-- Symlinking: /home/msms/vision_ws/install/vision_interfaces/include/vision_interfaces/vision_interfaces/msg/detail/detected_object__type_support.hpp
-- Symlinking: /home/msms/vision_ws/install/vision_interfaces/include/vision_interfaces/vision_interfaces/msg/detail/detected_object_array__builder.hpp
-- Symlinking: /home/msms/vision_ws/install/vision_interfaces/include/vision_interfaces/vision_interfaces/msg/detail/detected_object_array__struct.hpp
-- Symlinking: /home/msms/vision_ws/install/vision_interfaces/include/vision_interfaces/vision_interfaces/msg/detail/detected_object_array__traits.hpp
-- Symlinking: /home/msms/vision_ws/install/vision_interfaces/include/vision_interfaces/vision_interfaces/msg/detail/detected_object_array__type_support.hpp
-- Symlinking: /home/msms/vision_ws/install/vision_interfaces/include/vision_interfaces/vision_interfaces/msg/detected_object.hpp
-- Symlinking: /home/msms/vision_ws/install/vision_interfaces/include/vision_interfaces/vision_interfaces/msg/detected_object_array.hpp
-- Symlinking: /home/msms/vision_ws/install/vision_interfaces/include/vision_interfaces/vision_interfaces/msg/rosidl_generator_cpp__visibility_control.hpp
-- Symlinking: /home/msms/vision_ws/install/vision_interfaces/include/vision_interfaces/vision_interfaces/msg/detail/detected_object__rosidl_typesupport_fastrtps_cpp.hpp
-- Symlinking: /home/msms/vision_ws/install/vision_interfaces/include/vision_interfaces/vision_interfaces/msg/detail/detected_object_array__rosidl_typesupport_fastrtps_cpp.hpp
-- Symlinking: /home/msms/vision_ws/install/vision_interfaces/include/vision_interfaces/vision_interfaces/msg/rosidl_typesupport_fastrtps_cpp__visibility_control.h
-- Symlinking: /home/msms/vision_ws/install/vision_interfaces/include/vision_interfaces/vision_interfaces/msg/detail/detected_object__rosidl_typesupport_introspection_c.h
-- Symlinking: /home/msms/vision_ws/install/vision_interfaces/include/vision_interfaces/vision_interfaces/msg/detail/detected_object_array__rosidl_typesupport_introspection_c.h
-- Symlinking: /home/msms/vision_ws/install/vision_interfaces/include/vision_interfaces/vision_interfaces/msg/rosidl_typesupport_introspection_c__visibility_control.h
-- Symlinking: /home/msms/vision_ws/install/vision_interfaces/include/vision_interfaces/vision_interfaces/msg/detail/detected_object__rosidl_typesupport_introspection_cpp.hpp
-- Symlinking: /home/msms/vision_ws/install/vision_interfaces/include/vision_interfaces/vision_interfaces/msg/detail/detected_object_array__rosidl_typesupport_introspection_cpp.hpp
-- Symlinking: /home/msms/vision_ws/install/vision_interfaces/share/vision_interfaces/environment/pythonpath.sh
-- Symlinking: /home/msms/vision_ws/install/vision_interfaces/share/vision_interfaces/environment/pythonpath.dsv
-- Symlinking: /home/msms/vision_ws/install/vision_interfaces/local/lib/python3.10/dist-packages/vision_interfaces-0.1.0-py3.10.egg-info/PKG-INFO
-- Symlinking: /home/msms/vision_ws/install/vision_interfaces/local/lib/python3.10/dist-packages/vision_interfaces-0.1.0-py3.10.egg-info/SOURCES.txt
-- Symlinking: /home/msms/vision_ws/install/vision_interfaces/local/lib/python3.10/dist-packages/vision_interfaces-0.1.0-py3.10.egg-info/dependency_links.txt
-- Symlinking: /home/msms/vision_ws/install/vision_interfaces/local/lib/python3.10/dist-packages/vision_interfaces-0.1.0-py3.10.egg-info/top_level.txt
-- Symlinking: /home/msms/vision_ws/install/vision_interfaces/local/lib/python3.10/dist-packages/vision_interfaces/__init__.py
-- Symlinking: /home/msms/vision_ws/install/vision_interfaces/local/lib/python3.10/dist-packages/vision_interfaces/_vision_interfaces_s.ep.rosidl_typesupport_c.c
-- Symlinking: /home/msms/vision_ws/install/vision_interfaces/local/lib/python3.10/dist-packages/vision_interfaces/_vision_interfaces_s.ep.rosidl_typesupport_fastrtps_c.c
-- Symlinking: /home/msms/vision_ws/install/vision_interfaces/local/lib/python3.10/dist-packages/vision_interfaces/_vision_interfaces_s.ep.rosidl_typesupport_introspection_c.c
-- Symlinking: /home/msms/vision_ws/install/vision_interfaces/local/lib/python3.10/dist-packages/vision_interfaces/libvision_interfaces__rosidl_generator_py.so
-- Symlinking: /home/msms/vision_ws/install/vision_interfaces/local/lib/python3.10/dist-packages/vision_interfaces/msg/__init__.py
-- Symlinking: /home/msms/vision_ws/install/vision_interfaces/local/lib/python3.10/dist-packages/vision_interfaces/msg/_detected_object.py
-- Symlinking: /home/msms/vision_ws/install/vision_interfaces/local/lib/python3.10/dist-packages/vision_interfaces/msg/_detected_object_array.py
-- Symlinking: /home/msms/vision_ws/install/vision_interfaces/local/lib/python3.10/dist-packages/vision_interfaces/msg/_detected_object_array_s.c
-- Symlinking: /home/msms/vision_ws/install/vision_interfaces/local/lib/python3.10/dist-packages/vision_interfaces/msg/_detected_object_s.c
-- Symlinking: /home/msms/vision_ws/install/vision_interfaces/local/lib/python3.10/dist-packages/vision_interfaces/vision_interfaces_s__rosidl_typesupport_c.cpython-310-x86_64-linux-gnu.so
-- Symlinking: /home/msms/vision_ws/install/vision_interfaces/local/lib/python3.10/dist-packages/vision_interfaces/vision_interfaces_s__rosidl_typesupport_fastrtps_c.cpython-310-x86_64-linux-gnu.so
-- Symlinking: /home/msms/vision_ws/install/vision_interfaces/local/lib/python3.10/dist-packages/vision_interfaces/vision_interfaces_s__rosidl_typesupport_introspection_c.cpython-310-x86_64-linux-gnu.so
-- Up-to-date symlink: /home/msms/vision_ws/install/vision_interfaces/local/lib/python3.10/dist-packages/vision_interfaces/vision_interfaces_s__rosidl_typesupport_fastrtps_c.cpython-310-x86_64-linux-gnu.so
-- Up-to-date symlink: /home/msms/vision_ws/install/vision_interfaces/local/lib/python3.10/dist-packages/vision_interfaces/vision_interfaces_s__rosidl_typesupport_introspection_c.cpython-310-x86_64-linux-gnu.so
-- Up-to-date symlink: /home/msms/vision_ws/install/vision_interfaces/local/lib/python3.10/dist-packages/vision_interfaces/vision_interfaces_s__rosidl_typesupport_c.cpython-310-x86_64-linux-gnu.so
-- Symlinking: /home/msms/vision_ws/install/vision_interfaces/share/ament_index/resource_index/rust_packages/vision_interfaces
-- Symlinking: /home/msms/vision_ws/install/vision_interfaces/share/vision_interfaces/rust/Cargo.toml
-- Symlinking: /home/msms/vision_ws/install/vision_interfaces/share/vision_interfaces/rust/build.rs
-- Symlinking: /home/msms/vision_ws/install/vision_interfaces/share/vision_interfaces/rust/src/lib.rs
-- Symlinking: /home/msms/vision_ws/install/vision_interfaces/share/vision_interfaces/rust/src/msg.rs
-- Symlinking: /home/msms/vision_ws/install/vision_interfaces/share/vision_interfaces/rust/src/msg/rmw.rs
-- Symlinking: /home/msms/vision_ws/install/vision_interfaces/share/vision_interfaces/msg/DetectedObject.idl
-- Symlinking: /home/msms/vision_ws/install/vision_interfaces/share/vision_interfaces/msg/DetectedObjectArray.idl
-- Symlinking: /home/msms/vision_ws/install/vision_interfaces/share/vision_interfaces/msg/DetectedObject.msg
-- Symlinking: /home/msms/vision_ws/install/vision_interfaces/share/vision_interfaces/msg/DetectedObjectArray.msg
-- Symlinking: /home/msms/vision_ws/install/vision_interfaces/share/ament_index/resource_index/package_run_dependencies/vision_interfaces
-- Symlinking: /home/msms/vision_ws/install/vision_interfaces/share/ament_index/resource_index/parent_prefix_path/vision_interfaces
-- Symlinking: /home/msms/vision_ws/install/vision_interfaces/share/vision_interfaces/environment/ament_prefix_path.sh
-- Symlinking: /home/msms/vision_ws/install/vision_interfaces/share/vision_interfaces/environment/ament_prefix_path.dsv
-- Symlinking: /home/msms/vision_ws/install/vision_interfaces/share/vision_interfaces/environment/path.sh
-- Symlinking: /home/msms/vision_ws/install/vision_interfaces/share/vision_interfaces/environment/path.dsv
-- Symlinking: /home/msms/vision_ws/install/vision_interfaces/share/vision_interfaces/local_setup.bash
-- Symlinking: /home/msms/vision_ws/install/vision_interfaces/share/vision_interfaces/local_setup.sh
-- Symlinking: /home/msms/vision_ws/install/vision_interfaces/share/vision_interfaces/local_setup.zsh
-- Symlinking: /home/msms/vision_ws/install/vision_interfaces/share/vision_interfaces/local_setup.dsv
-- Symlinking: /home/msms/vision_ws/install/vision_interfaces/share/vision_interfaces/package.dsv
-- Symlinking: /home/msms/vision_ws/install/vision_interfaces/share/ament_index/resource_index/packages/vision_interfaces
-- Symlinking: /home/msms/vision_ws/install/vision_interfaces/share/vision_interfaces/cmake/rosidl_cmake-extras.cmake
-- Symlinking: /home/msms/vision_ws/install/vision_interfaces/share/vision_interfaces/cmake/ament_cmake_export_dependencies-extras.cmake
-- Symlinking: /home/msms/vision_ws/install/vision_interfaces/share/vision_interfaces/cmake/ament_cmake_export_include_directories-extras.cmake
-- Symlinking: /home/msms/vision_ws/install/vision_interfaces/share/vision_interfaces/cmake/ament_cmake_export_libraries-extras.cmake
-- Symlinking: /home/msms/vision_ws/install/vision_interfaces/share/vision_interfaces/cmake/ament_cmake_export_targets-extras.cmake
-- Symlinking: /home/msms/vision_ws/install/vision_interfaces/share/vision_interfaces/cmake/rosidl_cmake_export_typesupport_targets-extras.cmake
-- Symlinking: /home/msms/vision_ws/install/vision_interfaces/share/vision_interfaces/cmake/rosidl_cmake_export_typesupport_libraries-extras.cmake
-- Symlinking: /home/msms/vision_ws/install/vision_interfaces/share/vision_interfaces/cmake/rosidl_cmake_aggregate_target-extras.cmake
-- Symlinking: /home/msms/vision_ws/install/vision_interfaces/share/vision_interfaces/cmake/vision_interfacesConfig.cmake
-- Symlinking: /home/msms/vision_ws/install/vision_interfaces/share/vision_interfaces/cmake/vision_interfacesConfig-version.cmake
-- Symlinking: /home/msms/vision_ws/install/vision_interfaces/share/vision_interfaces/package.xml
-- Installing: /home/msms/vision_ws/install/vision_interfaces/lib/libvision_interfaces__rosidl_generator_c.so
-- Set runtime path of "/home/msms/vision_ws/install/vision_interfaces/lib/libvision_interfaces__rosidl_generator_c.so" to ""
-- Installing: /home/msms/vision_ws/install/vision_interfaces/lib/libvision_interfaces__rosidl_typesupport_fastrtps_c.so
-- Set runtime path of "/home/msms/vision_ws/install/vision_interfaces/lib/libvision_interfaces__rosidl_typesupport_fastrtps_c.so" to ""
-- Installing: /home/msms/vision_ws/install/vision_interfaces/lib/libvision_interfaces__rosidl_typesupport_fastrtps_cpp.so
-- Set runtime path of "/home/msms/vision_ws/install/vision_interfaces/lib/libvision_interfaces__rosidl_typesupport_fastrtps_cpp.so" to ""
-- Installing: /home/msms/vision_ws/install/vision_interfaces/lib/libvision_interfaces__rosidl_typesupport_introspection_c.so
-- Set runtime path of "/home/msms/vision_ws/install/vision_interfaces/lib/libvision_interfaces__rosidl_typesupport_introspection_c.so" to ""
-- Installing: /home/msms/vision_ws/install/vision_interfaces/lib/libvision_interfaces__rosidl_typesupport_c.so
-- Set runtime path of "/home/msms/vision_ws/install/vision_interfaces/lib/libvision_interfaces__rosidl_typesupport_c.so" to ""
-- Installing: /home/msms/vision_ws/install/vision_interfaces/lib/libvision_interfaces__rosidl_typesupport_introspection_cpp.so
-- Set runtime path of "/home/msms/vision_ws/install/vision_interfaces/lib/libvision_interfaces__rosidl_typesupport_introspection_cpp.so" to ""
-- Installing: /home/msms/vision_ws/install/vision_interfaces/lib/libvision_interfaces__rosidl_typesupport_cpp.so
-- Set runtime path of "/home/msms/vision_ws/install/vision_interfaces/lib/libvision_interfaces__rosidl_typesupport_cpp.so" to ""
Listing '/home/msms/vision_ws/install/vision_interfaces/local/lib/python3.10/dist-packages/vision_interfaces'...
Compiling '/home/msms/vision_ws/install/vision_interfaces/local/lib/python3.10/dist-packages/vision_interfaces/__init__.py'...
Listing '/home/msms/vision_ws/install/vision_interfaces/local/lib/python3.10/dist-packages/vision_interfaces/msg'...
Compiling '/home/msms/vision_ws/install/vision_interfaces/local/lib/python3.10/dist-packages/vision_interfaces/msg/__init__.py'...
Compiling '/home/msms/vision_ws/install/vision_interfaces/local/lib/python3.10/dist-packages/vision_interfaces/msg/_detected_object.py'...
Compiling '/home/msms/vision_ws/install/vision_interfaces/local/lib/python3.10/dist-packages/vision_interfaces/msg/_detected_object_array.py'...
-- Installing: /home/msms/vision_ws/install/vision_interfaces/lib/libvision_interfaces__rosidl_generator_py.so
-- Set runtime path of "/home/msms/vision_ws/install/vision_interfaces/lib/libvision_interfaces__rosidl_generator_py.so" to ""
-- Installing: /home/msms/vision_ws/install/vision_interfaces/share/vision_interfaces/cmake/export_vision_interfaces__rosidl_generator_cExport.cmake
-- Installing: /home/msms/vision_ws/install/vision_interfaces/share/vision_interfaces/cmake/export_vision_interfaces__rosidl_generator_cExport-noconfig.cmake
-- Installing: /home/msms/vision_ws/install/vision_interfaces/share/vision_interfaces/cmake/export_vision_interfaces__rosidl_typesupport_fastrtps_cExport.cmake
-- Installing: /home/msms/vision_ws/install/vision_interfaces/share/vision_interfaces/cmake/export_vision_interfaces__rosidl_typesupport_fastrtps_cExport-noconfig.cmake
-- Installing: /home/msms/vision_ws/install/vision_interfaces/share/vision_interfaces/cmake/export_vision_interfaces__rosidl_generator_cppExport.cmake
-- Installing: /home/msms/vision_ws/install/vision_interfaces/share/vision_interfaces/cmake/export_vision_interfaces__rosidl_typesupport_fastrtps_cppExport.cmake
-- Installing: /home/msms/vision_ws/install/vision_interfaces/share/vision_interfaces/cmake/export_vision_interfaces__rosidl_typesupport_fastrtps_cppExport-noconfig.cmake
-- Installing: /home/msms/vision_ws/install/vision_interfaces/share/vision_interfaces/cmake/vision_interfaces__rosidl_typesupport_introspection_cExport.cmake
-- Installing: /home/msms/vision_ws/install/vision_interfaces/share/vision_interfaces/cmake/vision_interfaces__rosidl_typesupport_introspection_cExport-noconfig.cmake
-- Installing: /home/msms/vision_ws/install/vision_interfaces/share/vision_interfaces/cmake/vision_interfaces__rosidl_typesupport_cExport.cmake
-- Installing: /home/msms/vision_ws/install/vision_interfaces/share/vision_interfaces/cmake/vision_interfaces__rosidl_typesupport_cExport-noconfig.cmake
-- Installing: /home/msms/vision_ws/install/vision_interfaces/share/vision_interfaces/cmake/vision_interfaces__rosidl_typesupport_introspection_cppExport.cmake
-- Installing: /home/msms/vision_ws/install/vision_interfaces/share/vision_interfaces/cmake/vision_interfaces__rosidl_typesupport_introspection_cppExport-noconfig.cmake
-- Installing: /home/msms/vision_ws/install/vision_interfaces/share/vision_interfaces/cmake/vision_interfaces__rosidl_typesupport_cppExport.cmake
-- Installing: /home/msms/vision_ws/install/vision_interfaces/share/vision_interfaces/cmake/vision_interfaces__rosidl_typesupport_cppExport-noconfig.cmake
-- Installing: /home/msms/vision_ws/install/vision_interfaces/share/vision_interfaces/cmake/export_vision_interfaces__rosidl_generator_pyExport.cmake
-- Installing: /home/msms/vision_ws/install/vision_interfaces/share/vision_interfaces/cmake/export_vision_interfaces__rosidl_generator_pyExport-noconfig.cmake
