[0.011s] Invoking command in '/home/msms/vision_ws/build/vision_interfaces': CMAKE_PREFIX_PATH=/opt/ros/humble /usr/bin/cmake /home/msms/vision_ws/src/vision_interfaces -DAMENT_CMAKE_SYMLINK_INSTALL=1 -DCMAKE_INSTALL_PREFIX=/home/msms/vision_ws/install/vision_interfaces
[0.123s] -- The C compiler identification is GNU 11.4.0
[0.219s] -- The CXX compiler identification is GNU 11.4.0
[0.228s] -- Detecting C compiler ABI info
[0.297s] -- Detecting C compiler ABI info - done
[0.304s] -- Check for working C compiler: /usr/bin/cc - skipped
[0.305s] -- Detecting C compile features
[0.306s] -- Detecting C compile features - done
[0.310s] -- Detecting CXX compiler ABI info
[0.391s] -- Detecting CXX compiler ABI info - done
[0.398s] -- Check for working CXX compiler: /usr/bin/c++ - skipped
[0.398s] -- Detecting CXX compile features
[0.398s] -- Detecting CXX compile features - done
[0.405s] -- Found ament_cmake: 1.3.14 (/opt/ros/humble/share/ament_cmake/cmake)
[0.549s] -- Found Python3: /usr/bin/python3 (found version "3.10.12") found components: Interpreter 
[0.612s] -- Override CMake install command with custom implementation using symlinks instead of copying resources
[0.651s] -- Found geometry_msgs: 4.9.1 (/opt/ros/humble/share/geometry_msgs/cmake)
[0.701s] -- Found rosidl_generator_c: 3.1.9 (/opt/ros/humble/share/rosidl_generator_c/cmake)
[0.708s] -- Found rosidl_adapter: 3.1.9 (/opt/ros/humble/share/rosidl_adapter/cmake)
[0.720s] -- Found rosidl_generator_cpp: 3.1.9 (/opt/ros/humble/share/rosidl_generator_cpp/cmake)
[0.736s] -- Using all available rosidl_typesupport_c: rosidl_typesupport_fastrtps_c;rosidl_typesupport_introspection_c
[0.757s] -- Using all available rosidl_typesupport_cpp: rosidl_typesupport_fastrtps_cpp;rosidl_typesupport_introspection_cpp
[0.804s] -- Found rosidl_default_generators: 1.2.1 (/opt/ros/humble/share/rosidl_default_generators/cmake)
[1.094s] -- Found ament_cmake_ros: 0.10.0 (/opt/ros/humble/share/ament_cmake_ros/cmake)
[1.493s] -- Using all available rosidl_typesupport_c: rosidl_typesupport_fastrtps_c;rosidl_typesupport_introspection_c
[1.647s] -- Using all available rosidl_typesupport_cpp: rosidl_typesupport_fastrtps_cpp;rosidl_typesupport_introspection_cpp
[1.668s] -- Found PythonInterp: /usr/bin/python3 (found suitable version "3.10.12", minimum required is "3.6") 
[1.670s] -- Found python_cmake_module: 0.10.0 (/opt/ros/humble/share/python_cmake_module/cmake)
[1.696s] -- Found PythonLibs: /usr/lib/x86_64-linux-gnu/libpython3.10.so (found suitable version "3.10.12", minimum required is "3.5") 
[1.696s] -- Using PYTHON_EXECUTABLE: /usr/bin/python3
[1.696s] -- Using PYTHON_INCLUDE_DIRS: /usr/include/python3.10
[1.696s] -- Using PYTHON_LIBRARIES: /usr/lib/x86_64-linux-gnu/libpython3.10.so
[1.717s] -- Found PythonExtra: .so  
[1.869s] -- Configuring done
[1.905s] -- Generating done
[1.916s] -- Build files have been written to: /home/msms/vision_ws/build/vision_interfaces
[1.926s] Invoked command in '/home/msms/vision_ws/build/vision_interfaces' returned '0': CMAKE_PREFIX_PATH=/opt/ros/humble /usr/bin/cmake /home/msms/vision_ws/src/vision_interfaces -DAMENT_CMAKE_SYMLINK_INSTALL=1 -DCMAKE_INSTALL_PREFIX=/home/msms/vision_ws/install/vision_interfaces
[1.927s] Invoking command in '/home/msms/vision_ws/build/vision_interfaces': CMAKE_PREFIX_PATH=/opt/ros/humble /usr/bin/cmake --build /home/msms/vision_ws/build/vision_interfaces -- -j12 -l12
[1.965s] [  2%] Generating C code for ROS interfaces
[1.975s] [  7%] Generating C++ code for ROS interfaces
[1.975s] [  7%] Generating Rust code for ROS interfaces
[1.984s] [  7%] Built target ament_cmake_python_symlink_vision_interfaces
[2.313s] [  7%] Built target vision_interfaces__rs
[2.381s] running egg_info
[2.381s] creating vision_interfaces.egg-info
[2.382s] writing vision_interfaces.egg-info/PKG-INFO
[2.382s] writing dependency_links to vision_interfaces.egg-info/dependency_links.txt
[2.383s] writing top-level names to vision_interfaces.egg-info/top_level.txt
[2.383s] writing manifest file 'vision_interfaces.egg-info/SOURCES.txt'
[2.387s] reading manifest file 'vision_interfaces.egg-info/SOURCES.txt'
[2.387s] writing manifest file 'vision_interfaces.egg-info/SOURCES.txt'
[2.393s] [ 12%] Building C object CMakeFiles/vision_interfaces__rosidl_generator_c.dir/rosidl_generator_c/vision_interfaces/msg/detail/detected_object_array__functions.c.o
[2.393s] [ 12%] Building C object CMakeFiles/vision_interfaces__rosidl_generator_c.dir/rosidl_generator_c/vision_interfaces/msg/detail/detected_object__functions.c.o
[2.421s] [ 12%] Built target vision_interfaces__cpp
[2.428s] [ 12%] Built target ament_cmake_python_build_vision_interfaces_egg
[2.432s] [ 17%] Generating C++ type support for eProsima Fast-RTPS
[2.432s] [ 17%] Generating C++ type support dispatch for ROS interfaces
[2.433s] [ 20%] Generating C++ introspection for ROS interfaces
[2.484s] [ 22%] Linking C shared library libvision_interfaces__rosidl_generator_c.so
[2.527s] [ 22%] Built target vision_interfaces__rosidl_generator_c
[2.542s] [ 25%] Generating C type support for eProsima Fast-RTPS
[2.545s] [ 27%] Generating C type support dispatch for ROS interfaces
[2.546s] [ 30%] Generating C introspection for ROS interfaces
[2.836s] [ 32%] Building CXX object CMakeFiles/vision_interfaces__rosidl_typesupport_cpp.dir/rosidl_typesupport_cpp/vision_interfaces/msg/detected_object_array__type_support.cpp.o
[2.838s] [ 35%] Building CXX object CMakeFiles/vision_interfaces__rosidl_typesupport_cpp.dir/rosidl_typesupport_cpp/vision_interfaces/msg/detected_object__type_support.cpp.o
[2.946s] [ 37%] Building CXX object CMakeFiles/vision_interfaces__rosidl_typesupport_fastrtps_cpp.dir/rosidl_typesupport_fastrtps_cpp/vision_interfaces/msg/detail/dds_fastrtps/detected_object__type_support.cpp.o
[2.947s] [ 40%] Building CXX object CMakeFiles/vision_interfaces__rosidl_typesupport_fastrtps_cpp.dir/rosidl_typesupport_fastrtps_cpp/vision_interfaces/msg/detail/dds_fastrtps/detected_object_array__type_support.cpp.o
[2.965s] [ 42%] Building CXX object CMakeFiles/vision_interfaces__rosidl_typesupport_introspection_cpp.dir/rosidl_typesupport_introspection_cpp/vision_interfaces/msg/detail/detected_object__type_support.cpp.o
[2.965s] [ 45%] Building CXX object CMakeFiles/vision_interfaces__rosidl_typesupport_introspection_cpp.dir/rosidl_typesupport_introspection_cpp/vision_interfaces/msg/detail/detected_object_array__type_support.cpp.o
[3.067s] [ 47%] Building CXX object CMakeFiles/vision_interfaces__rosidl_typesupport_c.dir/rosidl_typesupport_c/vision_interfaces/msg/detected_object__type_support.cpp.o
[3.073s] [ 50%] Building CXX object CMakeFiles/vision_interfaces__rosidl_typesupport_c.dir/rosidl_typesupport_c/vision_interfaces/msg/detected_object_array__type_support.cpp.o
[3.109s] [ 52%] Building C object CMakeFiles/vision_interfaces__rosidl_typesupport_introspection_c.dir/rosidl_typesupport_introspection_c/vision_interfaces/msg/detail/detected_object__type_support.c.o
[3.121s] [ 55%] Building C object CMakeFiles/vision_interfaces__rosidl_typesupport_introspection_c.dir/rosidl_typesupport_introspection_c/vision_interfaces/msg/detail/detected_object_array__type_support.c.o
[3.141s] [ 57%] Linking CXX shared library libvision_interfaces__rosidl_typesupport_c.so
[3.191s] [ 60%] Building CXX object CMakeFiles/vision_interfaces__rosidl_typesupport_fastrtps_c.dir/rosidl_typesupport_fastrtps_c/vision_interfaces/msg/detail/detected_object_array__type_support_c.cpp.o
[3.210s] [ 62%] Building CXX object CMakeFiles/vision_interfaces__rosidl_typesupport_fastrtps_c.dir/rosidl_typesupport_fastrtps_c/vision_interfaces/msg/detail/detected_object__type_support_c.cpp.o
[3.232s] [ 65%] Linking C shared library libvision_interfaces__rosidl_typesupport_introspection_c.so
[3.246s] [ 65%] Built target vision_interfaces__rosidl_typesupport_c
[3.291s] [ 65%] Built target vision_interfaces__rosidl_typesupport_introspection_c
[3.447s] [ 67%] Linking CXX shared library libvision_interfaces__rosidl_typesupport_cpp.so
[3.512s] [ 67%] Built target vision_interfaces__rosidl_typesupport_cpp
[3.710s] [ 70%] Linking CXX shared library libvision_interfaces__rosidl_typesupport_fastrtps_cpp.so
[3.723s] [ 72%] Linking CXX shared library libvision_interfaces__rosidl_typesupport_introspection_cpp.so
[3.805s] [ 75%] Linking CXX shared library libvision_interfaces__rosidl_typesupport_fastrtps_c.so
[3.814s] [ 75%] Built target vision_interfaces__rosidl_typesupport_fastrtps_cpp
[3.825s] [ 75%] Built target vision_interfaces__rosidl_typesupport_introspection_cpp
[3.884s] [ 75%] Built target vision_interfaces__rosidl_typesupport_fastrtps_c
[3.904s] [ 75%] Built target vision_interfaces
[3.924s] [ 77%] Generating Python code for ROS interfaces
[4.417s] [ 77%] Built target vision_interfaces__py
[4.437s] [ 82%] Building C object CMakeFiles/vision_interfaces__rosidl_generator_py.dir/rosidl_generator_py/vision_interfaces/msg/_detected_object_array_s.c.o
[4.437s] [ 82%] Building C object CMakeFiles/vision_interfaces__rosidl_generator_py.dir/rosidl_generator_py/vision_interfaces/msg/_detected_object_s.c.o
[4.581s] [ 85%] Linking C shared library rosidl_generator_py/vision_interfaces/libvision_interfaces__rosidl_generator_py.so
[4.634s] [ 85%] Built target vision_interfaces__rosidl_generator_py
[4.656s] [ 90%] Building C object CMakeFiles/vision_interfaces__rosidl_typesupport_introspection_c__pyext.dir/rosidl_generator_py/vision_interfaces/_vision_interfaces_s.ep.rosidl_typesupport_introspection_c.c.o
[4.656s] [ 90%] Building C object CMakeFiles/vision_interfaces__rosidl_typesupport_fastrtps_c__pyext.dir/rosidl_generator_py/vision_interfaces/_vision_interfaces_s.ep.rosidl_typesupport_fastrtps_c.c.o
[4.657s] [ 92%] Building C object CMakeFiles/vision_interfaces__rosidl_typesupport_c__pyext.dir/rosidl_generator_py/vision_interfaces/_vision_interfaces_s.ep.rosidl_typesupport_c.c.o
[4.780s] [ 95%] Linking C shared library rosidl_generator_py/vision_interfaces/vision_interfaces_s__rosidl_typesupport_fastrtps_c.cpython-310-x86_64-linux-gnu.so
[4.784s] [ 97%] Linking C shared library rosidl_generator_py/vision_interfaces/vision_interfaces_s__rosidl_typesupport_introspection_c.cpython-310-x86_64-linux-gnu.so
[4.787s] [100%] Linking C shared library rosidl_generator_py/vision_interfaces/vision_interfaces_s__rosidl_typesupport_c.cpython-310-x86_64-linux-gnu.so
[4.836s] [100%] Built target vision_interfaces__rosidl_typesupport_fastrtps_c__pyext
[4.838s] [100%] Built target vision_interfaces__rosidl_typesupport_c__pyext
[4.840s] [100%] Built target vision_interfaces__rosidl_typesupport_introspection_c__pyext
[4.852s] Invoked command in '/home/msms/vision_ws/build/vision_interfaces' returned '0': CMAKE_PREFIX_PATH=/opt/ros/humble /usr/bin/cmake --build /home/msms/vision_ws/build/vision_interfaces -- -j12 -l12
[4.862s] Invoking command in '/home/msms/vision_ws/build/vision_interfaces': CMAKE_PREFIX_PATH=/opt/ros/humble /usr/bin/cmake --install /home/msms/vision_ws/build/vision_interfaces
[4.873s] -- Install configuration: ""
[4.874s] -- Execute custom install script
[4.875s] -- Symlinking: /home/msms/vision_ws/install/vision_interfaces/share/ament_index/resource_index/rosidl_interfaces/vision_interfaces
[4.887s] -- Symlinking: /home/msms/vision_ws/install/vision_interfaces/include/vision_interfaces/vision_interfaces/msg/detail/detected_object__functions.h
[4.899s] -- Symlinking: /home/msms/vision_ws/install/vision_interfaces/include/vision_interfaces/vision_interfaces/msg/detail/detected_object__struct.h
[4.909s] -- Symlinking: /home/msms/vision_ws/install/vision_interfaces/include/vision_interfaces/vision_interfaces/msg/detail/detected_object__type_support.h
[4.920s] -- Symlinking: /home/msms/vision_ws/install/vision_interfaces/include/vision_interfaces/vision_interfaces/msg/detail/detected_object_array__functions.h
[4.931s] -- Symlinking: /home/msms/vision_ws/install/vision_interfaces/include/vision_interfaces/vision_interfaces/msg/detail/detected_object_array__struct.h
[4.939s] -- Symlinking: /home/msms/vision_ws/install/vision_interfaces/include/vision_interfaces/vision_interfaces/msg/detail/detected_object_array__type_support.h
[4.947s] -- Symlinking: /home/msms/vision_ws/install/vision_interfaces/include/vision_interfaces/vision_interfaces/msg/detected_object.h
[4.954s] -- Symlinking: /home/msms/vision_ws/install/vision_interfaces/include/vision_interfaces/vision_interfaces/msg/detected_object_array.h
[4.963s] -- Symlinking: /home/msms/vision_ws/install/vision_interfaces/include/vision_interfaces/vision_interfaces/msg/rosidl_generator_c__visibility_control.h
[4.971s] -- Symlinking: /home/msms/vision_ws/install/vision_interfaces/share/vision_interfaces/environment/library_path.sh
[4.979s] -- Symlinking: /home/msms/vision_ws/install/vision_interfaces/share/vision_interfaces/environment/library_path.dsv
[4.986s] -- Symlinking: /home/msms/vision_ws/install/vision_interfaces/include/vision_interfaces/vision_interfaces/msg/detail/detected_object__rosidl_typesupport_fastrtps_c.h
[4.996s] -- Symlinking: /home/msms/vision_ws/install/vision_interfaces/include/vision_interfaces/vision_interfaces/msg/detail/detected_object_array__rosidl_typesupport_fastrtps_c.h
[5.003s] -- Symlinking: /home/msms/vision_ws/install/vision_interfaces/include/vision_interfaces/vision_interfaces/msg/rosidl_typesupport_fastrtps_c__visibility_control.h
[5.013s] -- Symlinking: /home/msms/vision_ws/install/vision_interfaces/include/vision_interfaces/vision_interfaces/msg/detail/detected_object__builder.hpp
[5.021s] -- Symlinking: /home/msms/vision_ws/install/vision_interfaces/include/vision_interfaces/vision_interfaces/msg/detail/detected_object__struct.hpp
[5.030s] -- Symlinking: /home/msms/vision_ws/install/vision_interfaces/include/vision_interfaces/vision_interfaces/msg/detail/detected_object__traits.hpp
[5.038s] -- Symlinking: /home/msms/vision_ws/install/vision_interfaces/include/vision_interfaces/vision_interfaces/msg/detail/detected_object__type_support.hpp
[5.047s] -- Symlinking: /home/msms/vision_ws/install/vision_interfaces/include/vision_interfaces/vision_interfaces/msg/detail/detected_object_array__builder.hpp
[5.055s] -- Symlinking: /home/msms/vision_ws/install/vision_interfaces/include/vision_interfaces/vision_interfaces/msg/detail/detected_object_array__struct.hpp
[5.066s] -- Symlinking: /home/msms/vision_ws/install/vision_interfaces/include/vision_interfaces/vision_interfaces/msg/detail/detected_object_array__traits.hpp
[5.076s] -- Symlinking: /home/msms/vision_ws/install/vision_interfaces/include/vision_interfaces/vision_interfaces/msg/detail/detected_object_array__type_support.hpp
[5.085s] -- Symlinking: /home/msms/vision_ws/install/vision_interfaces/include/vision_interfaces/vision_interfaces/msg/detected_object.hpp
[5.094s] -- Symlinking: /home/msms/vision_ws/install/vision_interfaces/include/vision_interfaces/vision_interfaces/msg/detected_object_array.hpp
[5.103s] -- Symlinking: /home/msms/vision_ws/install/vision_interfaces/include/vision_interfaces/vision_interfaces/msg/rosidl_generator_cpp__visibility_control.hpp
[5.112s] -- Symlinking: /home/msms/vision_ws/install/vision_interfaces/include/vision_interfaces/vision_interfaces/msg/detail/detected_object__rosidl_typesupport_fastrtps_cpp.hpp
[5.121s] -- Symlinking: /home/msms/vision_ws/install/vision_interfaces/include/vision_interfaces/vision_interfaces/msg/detail/detected_object_array__rosidl_typesupport_fastrtps_cpp.hpp
[5.132s] -- Symlinking: /home/msms/vision_ws/install/vision_interfaces/include/vision_interfaces/vision_interfaces/msg/rosidl_typesupport_fastrtps_cpp__visibility_control.h
[5.142s] -- Symlinking: /home/msms/vision_ws/install/vision_interfaces/include/vision_interfaces/vision_interfaces/msg/detail/detected_object__rosidl_typesupport_introspection_c.h
[5.150s] -- Symlinking: /home/msms/vision_ws/install/vision_interfaces/include/vision_interfaces/vision_interfaces/msg/detail/detected_object_array__rosidl_typesupport_introspection_c.h
[5.159s] -- Symlinking: /home/msms/vision_ws/install/vision_interfaces/include/vision_interfaces/vision_interfaces/msg/rosidl_typesupport_introspection_c__visibility_control.h
[5.177s] -- Symlinking: /home/msms/vision_ws/install/vision_interfaces/include/vision_interfaces/vision_interfaces/msg/detail/detected_object__rosidl_typesupport_introspection_cpp.hpp
[5.189s] -- Symlinking: /home/msms/vision_ws/install/vision_interfaces/include/vision_interfaces/vision_interfaces/msg/detail/detected_object_array__rosidl_typesupport_introspection_cpp.hpp
[5.199s] -- Symlinking: /home/msms/vision_ws/install/vision_interfaces/share/vision_interfaces/environment/pythonpath.sh
[5.207s] -- Symlinking: /home/msms/vision_ws/install/vision_interfaces/share/vision_interfaces/environment/pythonpath.dsv
[5.215s] -- Symlinking: /home/msms/vision_ws/install/vision_interfaces/local/lib/python3.10/dist-packages/vision_interfaces-0.1.0-py3.10.egg-info/PKG-INFO
[5.224s] -- Symlinking: /home/msms/vision_ws/install/vision_interfaces/local/lib/python3.10/dist-packages/vision_interfaces-0.1.0-py3.10.egg-info/SOURCES.txt
[5.234s] -- Symlinking: /home/msms/vision_ws/install/vision_interfaces/local/lib/python3.10/dist-packages/vision_interfaces-0.1.0-py3.10.egg-info/dependency_links.txt
[5.252s] -- Symlinking: /home/msms/vision_ws/install/vision_interfaces/local/lib/python3.10/dist-packages/vision_interfaces-0.1.0-py3.10.egg-info/top_level.txt
[5.270s] -- Symlinking: /home/msms/vision_ws/install/vision_interfaces/local/lib/python3.10/dist-packages/vision_interfaces/__init__.py
[5.286s] -- Symlinking: /home/msms/vision_ws/install/vision_interfaces/local/lib/python3.10/dist-packages/vision_interfaces/_vision_interfaces_s.ep.rosidl_typesupport_c.c
[5.299s] -- Symlinking: /home/msms/vision_ws/install/vision_interfaces/local/lib/python3.10/dist-packages/vision_interfaces/_vision_interfaces_s.ep.rosidl_typesupport_fastrtps_c.c
[5.311s] -- Symlinking: /home/msms/vision_ws/install/vision_interfaces/local/lib/python3.10/dist-packages/vision_interfaces/_vision_interfaces_s.ep.rosidl_typesupport_introspection_c.c
[5.320s] -- Symlinking: /home/msms/vision_ws/install/vision_interfaces/local/lib/python3.10/dist-packages/vision_interfaces/libvision_interfaces__rosidl_generator_py.so
[5.330s] -- Symlinking: /home/msms/vision_ws/install/vision_interfaces/local/lib/python3.10/dist-packages/vision_interfaces/msg/__init__.py
[5.338s] -- Symlinking: /home/msms/vision_ws/install/vision_interfaces/local/lib/python3.10/dist-packages/vision_interfaces/msg/_detected_object.py
[5.346s] -- Symlinking: /home/msms/vision_ws/install/vision_interfaces/local/lib/python3.10/dist-packages/vision_interfaces/msg/_detected_object_array.py
[5.354s] -- Symlinking: /home/msms/vision_ws/install/vision_interfaces/local/lib/python3.10/dist-packages/vision_interfaces/msg/_detected_object_array_s.c
[5.364s] -- Symlinking: /home/msms/vision_ws/install/vision_interfaces/local/lib/python3.10/dist-packages/vision_interfaces/msg/_detected_object_s.c
[5.373s] -- Symlinking: /home/msms/vision_ws/install/vision_interfaces/local/lib/python3.10/dist-packages/vision_interfaces/vision_interfaces_s__rosidl_typesupport_c.cpython-310-x86_64-linux-gnu.so
[5.382s] -- Symlinking: /home/msms/vision_ws/install/vision_interfaces/local/lib/python3.10/dist-packages/vision_interfaces/vision_interfaces_s__rosidl_typesupport_fastrtps_c.cpython-310-x86_64-linux-gnu.so
[5.390s] -- Symlinking: /home/msms/vision_ws/install/vision_interfaces/local/lib/python3.10/dist-packages/vision_interfaces/vision_interfaces_s__rosidl_typesupport_introspection_c.cpython-310-x86_64-linux-gnu.so
[5.399s] -- Up-to-date symlink: /home/msms/vision_ws/install/vision_interfaces/local/lib/python3.10/dist-packages/vision_interfaces/vision_interfaces_s__rosidl_typesupport_fastrtps_c.cpython-310-x86_64-linux-gnu.so
[5.399s] -- Up-to-date symlink: /home/msms/vision_ws/install/vision_interfaces/local/lib/python3.10/dist-packages/vision_interfaces/vision_interfaces_s__rosidl_typesupport_introspection_c.cpython-310-x86_64-linux-gnu.so
[5.400s] -- Up-to-date symlink: /home/msms/vision_ws/install/vision_interfaces/local/lib/python3.10/dist-packages/vision_interfaces/vision_interfaces_s__rosidl_typesupport_c.cpython-310-x86_64-linux-gnu.so
[5.400s] -- Symlinking: /home/msms/vision_ws/install/vision_interfaces/share/ament_index/resource_index/rust_packages/vision_interfaces
[5.416s] -- Symlinking: /home/msms/vision_ws/install/vision_interfaces/share/vision_interfaces/rust/Cargo.toml
[5.432s] -- Symlinking: /home/msms/vision_ws/install/vision_interfaces/share/vision_interfaces/rust/build.rs
[5.447s] -- Symlinking: /home/msms/vision_ws/install/vision_interfaces/share/vision_interfaces/rust/src/lib.rs
[5.459s] -- Symlinking: /home/msms/vision_ws/install/vision_interfaces/share/vision_interfaces/rust/src/msg.rs
[5.471s] -- Symlinking: /home/msms/vision_ws/install/vision_interfaces/share/vision_interfaces/rust/src/msg/rmw.rs
[5.482s] -- Symlinking: /home/msms/vision_ws/install/vision_interfaces/share/vision_interfaces/msg/DetectedObject.idl
[5.491s] -- Symlinking: /home/msms/vision_ws/install/vision_interfaces/share/vision_interfaces/msg/DetectedObjectArray.idl
[5.499s] -- Symlinking: /home/msms/vision_ws/install/vision_interfaces/share/vision_interfaces/msg/DetectedObject.msg
[5.507s] -- Symlinking: /home/msms/vision_ws/install/vision_interfaces/share/vision_interfaces/msg/DetectedObjectArray.msg
[5.515s] -- Symlinking: /home/msms/vision_ws/install/vision_interfaces/share/ament_index/resource_index/package_run_dependencies/vision_interfaces
[5.524s] -- Symlinking: /home/msms/vision_ws/install/vision_interfaces/share/ament_index/resource_index/parent_prefix_path/vision_interfaces
[5.532s] -- Symlinking: /home/msms/vision_ws/install/vision_interfaces/share/vision_interfaces/environment/ament_prefix_path.sh
[5.541s] -- Symlinking: /home/msms/vision_ws/install/vision_interfaces/share/vision_interfaces/environment/ament_prefix_path.dsv
[5.549s] -- Symlinking: /home/msms/vision_ws/install/vision_interfaces/share/vision_interfaces/environment/path.sh
[5.557s] -- Symlinking: /home/msms/vision_ws/install/vision_interfaces/share/vision_interfaces/environment/path.dsv
[5.567s] -- Symlinking: /home/msms/vision_ws/install/vision_interfaces/share/vision_interfaces/local_setup.bash
[5.575s] -- Symlinking: /home/msms/vision_ws/install/vision_interfaces/share/vision_interfaces/local_setup.sh
[5.583s] -- Symlinking: /home/msms/vision_ws/install/vision_interfaces/share/vision_interfaces/local_setup.zsh
[5.592s] -- Symlinking: /home/msms/vision_ws/install/vision_interfaces/share/vision_interfaces/local_setup.dsv
[5.601s] -- Symlinking: /home/msms/vision_ws/install/vision_interfaces/share/vision_interfaces/package.dsv
[5.609s] -- Symlinking: /home/msms/vision_ws/install/vision_interfaces/share/ament_index/resource_index/packages/vision_interfaces
[5.617s] -- Symlinking: /home/msms/vision_ws/install/vision_interfaces/share/vision_interfaces/cmake/rosidl_cmake-extras.cmake
[5.626s] -- Symlinking: /home/msms/vision_ws/install/vision_interfaces/share/vision_interfaces/cmake/ament_cmake_export_dependencies-extras.cmake
[5.634s] -- Symlinking: /home/msms/vision_ws/install/vision_interfaces/share/vision_interfaces/cmake/ament_cmake_export_include_directories-extras.cmake
[5.642s] -- Symlinking: /home/msms/vision_ws/install/vision_interfaces/share/vision_interfaces/cmake/ament_cmake_export_libraries-extras.cmake
[5.651s] -- Symlinking: /home/msms/vision_ws/install/vision_interfaces/share/vision_interfaces/cmake/ament_cmake_export_targets-extras.cmake
[5.660s] -- Symlinking: /home/msms/vision_ws/install/vision_interfaces/share/vision_interfaces/cmake/rosidl_cmake_export_typesupport_targets-extras.cmake
[5.668s] -- Symlinking: /home/msms/vision_ws/install/vision_interfaces/share/vision_interfaces/cmake/rosidl_cmake_export_typesupport_libraries-extras.cmake
[5.677s] -- Symlinking: /home/msms/vision_ws/install/vision_interfaces/share/vision_interfaces/cmake/rosidl_cmake_aggregate_target-extras.cmake
[5.686s] -- Symlinking: /home/msms/vision_ws/install/vision_interfaces/share/vision_interfaces/cmake/vision_interfacesConfig.cmake
[5.695s] -- Symlinking: /home/msms/vision_ws/install/vision_interfaces/share/vision_interfaces/cmake/vision_interfacesConfig-version.cmake
[5.704s] -- Symlinking: /home/msms/vision_ws/install/vision_interfaces/share/vision_interfaces/package.xml
[5.712s] -- Installing: /home/msms/vision_ws/install/vision_interfaces/lib/libvision_interfaces__rosidl_generator_c.so
[5.712s] -- Set runtime path of "/home/msms/vision_ws/install/vision_interfaces/lib/libvision_interfaces__rosidl_generator_c.so" to ""
[5.713s] -- Installing: /home/msms/vision_ws/install/vision_interfaces/lib/libvision_interfaces__rosidl_typesupport_fastrtps_c.so
[5.713s] -- Set runtime path of "/home/msms/vision_ws/install/vision_interfaces/lib/libvision_interfaces__rosidl_typesupport_fastrtps_c.so" to ""
[5.714s] -- Installing: /home/msms/vision_ws/install/vision_interfaces/lib/libvision_interfaces__rosidl_typesupport_fastrtps_cpp.so
[5.715s] -- Set runtime path of "/home/msms/vision_ws/install/vision_interfaces/lib/libvision_interfaces__rosidl_typesupport_fastrtps_cpp.so" to ""
[5.715s] -- Installing: /home/msms/vision_ws/install/vision_interfaces/lib/libvision_interfaces__rosidl_typesupport_introspection_c.so
[5.716s] -- Set runtime path of "/home/msms/vision_ws/install/vision_interfaces/lib/libvision_interfaces__rosidl_typesupport_introspection_c.so" to ""
[5.716s] -- Installing: /home/msms/vision_ws/install/vision_interfaces/lib/libvision_interfaces__rosidl_typesupport_c.so
[5.716s] -- Set runtime path of "/home/msms/vision_ws/install/vision_interfaces/lib/libvision_interfaces__rosidl_typesupport_c.so" to ""
[5.716s] -- Installing: /home/msms/vision_ws/install/vision_interfaces/lib/libvision_interfaces__rosidl_typesupport_introspection_cpp.so
[5.717s] -- Set runtime path of "/home/msms/vision_ws/install/vision_interfaces/lib/libvision_interfaces__rosidl_typesupport_introspection_cpp.so" to ""
[5.717s] -- Installing: /home/msms/vision_ws/install/vision_interfaces/lib/libvision_interfaces__rosidl_typesupport_cpp.so
[5.718s] -- Set runtime path of "/home/msms/vision_ws/install/vision_interfaces/lib/libvision_interfaces__rosidl_typesupport_cpp.so" to ""
[5.755s] Listing '/home/msms/vision_ws/install/vision_interfaces/local/lib/python3.10/dist-packages/vision_interfaces'...
[5.755s] Compiling '/home/msms/vision_ws/install/vision_interfaces/local/lib/python3.10/dist-packages/vision_interfaces/__init__.py'...
[5.755s] Listing '/home/msms/vision_ws/install/vision_interfaces/local/lib/python3.10/dist-packages/vision_interfaces/msg'...
[5.755s] Compiling '/home/msms/vision_ws/install/vision_interfaces/local/lib/python3.10/dist-packages/vision_interfaces/msg/__init__.py'...
[5.755s] Compiling '/home/msms/vision_ws/install/vision_interfaces/local/lib/python3.10/dist-packages/vision_interfaces/msg/_detected_object.py'...
[5.755s] Compiling '/home/msms/vision_ws/install/vision_interfaces/local/lib/python3.10/dist-packages/vision_interfaces/msg/_detected_object_array.py'...
[5.762s] -- Installing: /home/msms/vision_ws/install/vision_interfaces/lib/libvision_interfaces__rosidl_generator_py.so
[5.762s] -- Set runtime path of "/home/msms/vision_ws/install/vision_interfaces/lib/libvision_interfaces__rosidl_generator_py.so" to ""
[5.763s] -- Installing: /home/msms/vision_ws/install/vision_interfaces/share/vision_interfaces/cmake/export_vision_interfaces__rosidl_generator_cExport.cmake
[5.763s] -- Installing: /home/msms/vision_ws/install/vision_interfaces/share/vision_interfaces/cmake/export_vision_interfaces__rosidl_generator_cExport-noconfig.cmake
[5.763s] -- Installing: /home/msms/vision_ws/install/vision_interfaces/share/vision_interfaces/cmake/export_vision_interfaces__rosidl_typesupport_fastrtps_cExport.cmake
[5.763s] -- Installing: /home/msms/vision_ws/install/vision_interfaces/share/vision_interfaces/cmake/export_vision_interfaces__rosidl_typesupport_fastrtps_cExport-noconfig.cmake
[5.763s] -- Installing: /home/msms/vision_ws/install/vision_interfaces/share/vision_interfaces/cmake/export_vision_interfaces__rosidl_generator_cppExport.cmake
[5.764s] -- Installing: /home/msms/vision_ws/install/vision_interfaces/share/vision_interfaces/cmake/export_vision_interfaces__rosidl_typesupport_fastrtps_cppExport.cmake
[5.764s] -- Installing: /home/msms/vision_ws/install/vision_interfaces/share/vision_interfaces/cmake/export_vision_interfaces__rosidl_typesupport_fastrtps_cppExport-noconfig.cmake
[5.764s] -- Installing: /home/msms/vision_ws/install/vision_interfaces/share/vision_interfaces/cmake/vision_interfaces__rosidl_typesupport_introspection_cExport.cmake
[5.764s] -- Installing: /home/msms/vision_ws/install/vision_interfaces/share/vision_interfaces/cmake/vision_interfaces__rosidl_typesupport_introspection_cExport-noconfig.cmake
[5.765s] -- Installing: /home/msms/vision_ws/install/vision_interfaces/share/vision_interfaces/cmake/vision_interfaces__rosidl_typesupport_cExport.cmake
[5.765s] -- Installing: /home/msms/vision_ws/install/vision_interfaces/share/vision_interfaces/cmake/vision_interfaces__rosidl_typesupport_cExport-noconfig.cmake
[5.765s] -- Installing: /home/msms/vision_ws/install/vision_interfaces/share/vision_interfaces/cmake/vision_interfaces__rosidl_typesupport_introspection_cppExport.cmake
[5.765s] -- Installing: /home/msms/vision_ws/install/vision_interfaces/share/vision_interfaces/cmake/vision_interfaces__rosidl_typesupport_introspection_cppExport-noconfig.cmake
[5.766s] -- Installing: /home/msms/vision_ws/install/vision_interfaces/share/vision_interfaces/cmake/vision_interfaces__rosidl_typesupport_cppExport.cmake
[5.766s] -- Installing: /home/msms/vision_ws/install/vision_interfaces/share/vision_interfaces/cmake/vision_interfaces__rosidl_typesupport_cppExport-noconfig.cmake
[5.766s] -- Installing: /home/msms/vision_ws/install/vision_interfaces/share/vision_interfaces/cmake/export_vision_interfaces__rosidl_generator_pyExport.cmake
[5.767s] -- Installing: /home/msms/vision_ws/install/vision_interfaces/share/vision_interfaces/cmake/export_vision_interfaces__rosidl_generator_pyExport-noconfig.cmake
[5.770s] Invoked command in '/home/msms/vision_ws/build/vision_interfaces' returned '0': CMAKE_PREFIX_PATH=/opt/ros/humble /usr/bin/cmake --install /home/msms/vision_ws/build/vision_interfaces
